
==============================================================
     Traffic Analysis Platform - Protobuf Code Generator
==============================================================

[0;34m[INFO][0m Checking dependencies...
[0;34m[INFO][0m buf found: /usr/local/bin/buf
[0;34m[INFO][0m buf version: 1.28.1
[0;34m[INFO][0m protoc found: /usr/local/bin/protoc
[0;34m[INFO][0m protoc version: libprotoc 25.1
[0;32m[SUCCESS][0m All dependencies satisfied
[0;34m[INFO][0m Creating output directories...
[0;32m[SUCCESS][0m Output directories created
[0;34m[INFO][0m Linting proto files...
[0;32m[SUCCESS][0m Proto lint passed
[0;34m[INFO][0m Generating code for all languages...
[0;34m[INFO][0m Cleaning previously generated files...
[0;34m[INFO][0m Cleaned Rust generated files
[0;34m[INFO][0m Cleaned Go generated files
[0;34m[INFO][0m Cleaned Java generated files
[0;32m[SUCCESS][0m Cleanup completed
[0;34m[INFO][0m Creating output directories...
[0;32m[SUCCESS][0m Output directories created
[0;32m[SUCCESS][0m Code generation completed
[0;34m[INFO][0m Generating Rust lib.rs...
[0;32m[SUCCESS][0m Rust lib.rs generated
[0;34m[INFO][0m Normalizing generated source whitespace...
[0;32m[SUCCESS][0m Generated source whitespace normalized
[0;34m[INFO][0m Verifying generated code...
[0;34m[INFO][0m Verifying Rust generated files...
[0;34m[INFO][0m   ✓ traffic.v1.rs (2168 lines)
[0;34m[INFO][0m   ✓ lib.rs
[0;34m[INFO][0m Verifying Go generated files...
[0;34m[INFO][0m   ✓ Found 14 .pb.go files
[0;34m[INFO][0m   ✓ Found 2 _grpc.pb.go files
[0;34m[INFO][0m     - alert.pb.go (2705 lines)
[0;34m[INFO][0m     - asset.pb.go (1289 lines)
[0;34m[INFO][0m     - asset_grpc.pb.go (277 lines)
[0;34m[INFO][0m     - audit.pb.go (951 lines)
[0;34m[INFO][0m     - campaign.pb.go (387 lines)
[0;34m[INFO][0m     - common.pb.go (1166 lines)
[0;34m[INFO][0m     - detection.pb.go (554 lines)
[0;34m[INFO][0m     - feature.pb.go (983 lines)
[0;34m[INFO][0m     - flow.pb.go (591 lines)
[0;34m[INFO][0m     - graph.pb.go (1306 lines)
[0;34m[INFO][0m     - ingest.pb.go (2378 lines)
[0;34m[INFO][0m     - ingest_grpc.pb.go (341 lines)
[0;34m[INFO][0m     - pcap.pb.go (855 lines)
[0;34m[INFO][0m     - session.pb.go (711 lines)
[0;34m[INFO][0m Verifying Java generated files...
[0;34m[INFO][0m   ✓ Found 196 .java files
[0;34m[INFO][0m     - ActiveIdleStats.java
[0;34m[INFO][0m     - ActiveIdleStatsOrBuilder.java
[0;34m[INFO][0m     - Alert.java
[0;34m[INFO][0m     - AlertBatch.java
[0;34m[INFO][0m     - AlertBatchOrBuilder.java
[0;34m[INFO][0m     - AlertCorrelationEdge.java
[0;34m[INFO][0m     - AlertCorrelationEdgeOrBuilder.java
[0;34m[INFO][0m     - AlertExtendedBatch.java
[0;34m[INFO][0m     - AlertExtendedBatchOrBuilder.java
[0;34m[INFO][0m     - AlertFeedback.java
[0;34m[INFO][0m     ... and 186 more files
[0;32m[SUCCESS][0m All verifications passed

[0;32m[SUCCESS][0m All tasks completed in 7s

==============================================================
                   Integration Guide
==============================================================

📦 RUST (rust/probe-agent/proto-gen/Cargo.toml):
   [dependencies]
   proto-gen = { path = "proto-gen" }
   prost = "0.12"
   prost-types = "0.12"
   tonic = "0.11"
   pbjson-types = "0.6"

📦 GO (go/control-plane/go.mod):
   require (
       google.golang.org/protobuf v1.32.0
       google.golang.org/grpc v1.61.0
   )
   Import: "github.com/1144160159/traffic-analysis-platform/go/control-plane/pkg/proto/traffic/v1"

📦 JAVA (java/flink-jobs/flink-common/pom.xml):
   <dependency>
       <groupId>com.google.protobuf</groupId>
       <artifactId>protobuf-java</artifactId>
       <version>3.25.2</version>
   </dependency>
   <dependency>
       <groupId>io.grpc</groupId>
       <artifactId>grpc-protobuf</artifactId>
       <version>1.61.0</version>
   </dependency>
   Import: com.traffic.proto.traffic.v1.*

==============================================================
ok  	github.com/1144160159/traffic-analysis-platform/go/control-plane/cmd/alert-projection-reconcile	0.009s
ok  	github.com/1144160159/traffic-analysis-platform/go/control-plane/cmd/alert-service	0.011s
ok  	github.com/1144160159/traffic-analysis-platform/go/control-plane/cmd/asset-service	0.012s
ok  	github.com/1144160159/traffic-analysis-platform/go/control-plane/cmd/audit-materializer	0.011s
?   	github.com/1144160159/traffic-analysis-platform/go/control-plane/cmd/auth-service	[no test files]
?   	github.com/1144160159/traffic-analysis-platform/go/control-plane/cmd/campaign-membership-backfill	[no test files]
ok  	github.com/1144160159/traffic-analysis-platform/go/control-plane/cmd/forensics-service	0.013s
ok  	github.com/1144160159/traffic-analysis-platform/go/control-plane/cmd/graph-service	0.012s
?   	github.com/1144160159/traffic-analysis-platform/go/control-plane/cmd/ingest-gateway	[no test files]
?   	github.com/1144160159/traffic-analysis-platform/go/control-plane/cmd/mock-ingest	[no test files]
?   	github.com/1144160159/traffic-analysis-platform/go/control-plane/cmd/nebula-http-gateway	[no test files]
?   	github.com/1144160159/traffic-analysis-platform/go/control-plane/cmd/probe-control-smoke	[no test files]
ok  	github.com/1144160159/traffic-analysis-platform/go/control-plane/cmd/rule-manager	0.011s
ok  	github.com/1144160159/traffic-analysis-platform/go/control-plane/cmd/threat-intel-service	0.009s
ok  	github.com/1144160159/traffic-analysis-platform/go/control-plane/internal/alert/api	0.108s
?   	github.com/1144160159/traffic-analysis-platform/go/control-plane/internal/alert/arkime	[no test files]
?   	github.com/1144160159/traffic-analysis-platform/go/control-plane/internal/alert/audit	[no test files]
ok  	github.com/1144160159/traffic-analysis-platform/go/control-plane/internal/alert/campaign	0.017s
ok  	github.com/1144160159/traffic-analysis-platform/go/control-plane/internal/alert/config	0.012s
ok  	github.com/1144160159/traffic-analysis-platform/go/control-plane/internal/alert/consumer	0.021s
ok  	github.com/1144160159/traffic-analysis-platform/go/control-plane/internal/alert/dedup	0.007s
?   	github.com/1144160159/traffic-analysis-platform/go/control-plane/internal/alert/evidence	[no test files]
?   	github.com/1144160159/traffic-analysis-platform/go/control-plane/internal/alert/fallback	[no test files]
ok  	github.com/1144160159/traffic-analysis-platform/go/control-plane/internal/alert/notification	0.016s
ok  	github.com/1144160159/traffic-analysis-platform/go/control-plane/internal/alert/opensearchbulk	0.003s
ok  	github.com/1144160159/traffic-analysis-platform/go/control-plane/internal/alert/persistence	0.019s
ok  	github.com/1144160159/traffic-analysis-platform/go/control-plane/internal/alert/playbook	0.005s
ok  	github.com/1144160159/traffic-analysis-platform/go/control-plane/internal/alert/projection	0.009s
ok  	github.com/1144160159/traffic-analysis-platform/go/control-plane/internal/alert/realtime	0.014s
ok  	github.com/1144160159/traffic-analysis-platform/go/control-plane/internal/alert/repository	0.020s
ok  	github.com/1144160159/traffic-analysis-platform/go/control-plane/internal/alert/risk	0.007s
?   	github.com/1144160159/traffic-analysis-platform/go/control-plane/internal/alert/service	[no test files]
ok  	github.com/1144160159/traffic-analysis-platform/go/control-plane/internal/alert/state	0.005s
?   	github.com/1144160159/traffic-analysis-platform/go/control-plane/internal/alert/threatintel	[no test files]
ok  	github.com/1144160159/traffic-analysis-platform/go/control-plane/internal/alert/whitelist	0.013s
ok  	github.com/1144160159/traffic-analysis-platform/go/control-plane/internal/asset/api	0.017s
ok  	github.com/1144160159/traffic-analysis-platform/go/control-plane/internal/asset/config	0.009s
ok  	github.com/1144160159/traffic-analysis-platform/go/control-plane/internal/asset/consumer	0.021s
ok  	github.com/1144160159/traffic-analysis-platform/go/control-plane/internal/asset/repository	0.020s
ok  	github.com/1144160159/traffic-analysis-platform/go/control-plane/internal/asset/service	0.015s
ok  	github.com/1144160159/traffic-analysis-platform/go/control-plane/internal/auth/api	0.016s
ok  	github.com/1144160159/traffic-analysis-platform/go/control-plane/internal/auth/config	0.011s
?   	github.com/1144160159/traffic-analysis-platform/go/control-plane/internal/auth/health	[no test files]
?   	github.com/1144160159/traffic-analysis-platform/go/control-plane/internal/auth/jwt	[no test files]
ok  	github.com/1144160159/traffic-analysis-platform/go/control-plane/internal/auth/middleware	0.016s
ok  	github.com/1144160159/traffic-analysis-platform/go/control-plane/internal/auth/model	0.004s
?   	github.com/1144160159/traffic-analysis-platform/go/control-plane/internal/auth/mtls	[no test files]
ok  	github.com/1144160159/traffic-analysis-platform/go/control-plane/internal/auth/oidc	0.012s
ok  	github.com/1144160159/traffic-analysis-platform/go/control-plane/internal/auth/repository	0.017s
ok  	github.com/1144160159/traffic-analysis-platform/go/control-plane/internal/auth/security	0.007s
ok  	github.com/1144160159/traffic-analysis-platform/go/control-plane/internal/auth/service	0.041s
ok  	github.com/1144160159/traffic-analysis-platform/go/control-plane/internal/common/audit	0.019s
ok  	github.com/1144160159/traffic-analysis-platform/go/control-plane/internal/common/dataquality	0.023s
?   	github.com/1144160159/traffic-analysis-platform/go/control-plane/internal/common/errors	[no test files]
ok  	github.com/1144160159/traffic-analysis-platform/go/control-plane/internal/common/httpx	0.007s
ok  	github.com/1144160159/traffic-analysis-platform/go/control-plane/internal/common/kafka	0.015s
?   	github.com/1144160159/traffic-analysis-platform/go/control-plane/internal/common/logging	[no test files]
ok  	github.com/1144160159/traffic-analysis-platform/go/control-plane/internal/common/miniohttp	0.006s
?   	github.com/1144160159/traffic-analysis-platform/go/control-plane/internal/common/otel	[no test files]
?   	github.com/1144160159/traffic-analysis-platform/go/control-plane/internal/common/protobuf	[no test files]
?   	github.com/1144160159/traffic-analysis-platform/go/control-plane/internal/common/storage	[no test files]
?   	github.com/1144160159/traffic-analysis-platform/go/control-plane/internal/common/utils	[no test files]
ok  	github.com/1144160159/traffic-analysis-platform/go/control-plane/internal/common/validation	0.006s
ok  	github.com/1144160159/traffic-analysis-platform/go/control-plane/internal/forensics/api	0.019s
?   	github.com/1144160159/traffic-analysis-platform/go/control-plane/internal/forensics/config	[no test files]
ok  	github.com/1144160159/traffic-analysis-platform/go/control-plane/internal/forensics/converter	0.017s
ok  	github.com/1144160159/traffic-analysis-platform/go/control-plane/internal/forensics/cutter	0.016s
?   	github.com/1144160159/traffic-analysis-platform/go/control-plane/internal/forensics/index	[no test files]
ok  	github.com/1144160159/traffic-analysis-platform/go/control-plane/internal/forensics/repository	0.008s
?   	github.com/1144160159/traffic-analysis-platform/go/control-plane/internal/forensics/s3client	[no test files]
?   	github.com/1144160159/traffic-analysis-platform/go/control-plane/internal/forensics/task	[no test files]
?   	github.com/1144160159/traffic-analysis-platform/go/control-plane/internal/graph/api	[no test files]
?   	github.com/1144160159/traffic-analysis-platform/go/control-plane/internal/graph/cache	[no test files]
?   	github.com/1144160159/traffic-analysis-platform/go/control-plane/internal/graph/config	[no test files]
?   	github.com/1144160159/traffic-analysis-platform/go/control-plane/internal/graph/logging	[no test files]
?   	github.com/1144160159/traffic-analysis-platform/go/control-plane/internal/graph/metrics	[no test files]
?   	github.com/1144160159/traffic-analysis-platform/go/control-plane/internal/graph/monitoring	[no test files]
ok  	github.com/1144160159/traffic-analysis-platform/go/control-plane/internal/graph/nebula	11.486s
ok  	github.com/1144160159/traffic-analysis-platform/go/control-plane/internal/graph/query	0.013s
ok  	github.com/1144160159/traffic-analysis-platform/go/control-plane/internal/ingest/auth	0.013s
ok  	github.com/1144160159/traffic-analysis-platform/go/control-plane/internal/ingest/config	0.011s
ok  	github.com/1144160159/traffic-analysis-platform/go/control-plane/internal/ingest/control	0.011s
ok  	github.com/1144160159/traffic-analysis-platform/go/control-plane/internal/ingest/dedup	0.109s
ok  	github.com/1144160159/traffic-analysis-platform/go/control-plane/internal/ingest/dlq	0.020s
?   	github.com/1144160159/traffic-analysis-platform/go/control-plane/internal/ingest/metrics	[no test files]
ok  	github.com/1144160159/traffic-analysis-platform/go/control-plane/internal/ingest/queue	0.010s
?   	github.com/1144160159/traffic-analysis-platform/go/control-plane/internal/ingest/quota	[no test files]
ok  	github.com/1144160159/traffic-analysis-platform/go/control-plane/internal/ingest/server	0.016s
ok  	github.com/1144160159/traffic-analysis-platform/go/control-plane/internal/rules/api	0.019s
ok  	github.com/1144160159/traffic-analysis-platform/go/control-plane/internal/rules/config	0.012s
ok  	github.com/1144160159/traffic-analysis-platform/go/control-plane/internal/rules/consumer	0.018s
?   	github.com/1144160159/traffic-analysis-platform/go/control-plane/internal/rules/converter	[no test files]
ok  	github.com/1144160159/traffic-analysis-platform/go/control-plane/internal/rules/evaluator	0.006s
?   	github.com/1144160159/traffic-analysis-platform/go/control-plane/internal/rules/health	[no test files]
ok  	github.com/1144160159/traffic-analysis-platform/go/control-plane/internal/rules/model	0.004s
ok  	github.com/1144160159/traffic-analysis-platform/go/control-plane/internal/rules/publisher	0.009s
ok  	github.com/1144160159/traffic-analysis-platform/go/control-plane/internal/rules/rbac	0.004s
ok  	github.com/1144160159/traffic-analysis-platform/go/control-plane/internal/rules/repository	0.011s
ok  	github.com/1144160159/traffic-analysis-platform/go/control-plane/internal/rules/service	0.226s
?   	github.com/1144160159/traffic-analysis-platform/go/control-plane/pkg/proto/traffic/v1	[no test files]
ok  	github.com/1144160159/traffic-analysis-platform/go/control-plane/tests/integration	0.020s
ok  	github.com/1144160159/traffic-analysis-platform/go/control-plane/tests/stress	0.067s
ok  	github.com/1144160159/traffic-analysis-platform/go/control-plane/tests/unit	0.005s

> traffic-analysis-ui@2.0.0 lint:check
> eslint src --ext ts,tsx


> traffic-analysis-ui@2.0.0 build
> tsc && vite build

vite v5.4.21 building for production...
transforming...
✓ 3861 modules transformed.
rendering chunks...
computing gzip size...
dist/index.html                                             1.53 kB │ gzip:   0.56 kB
dist/assets/screen-topbar-shield-exact@3x-BMBlSnq_.png      4.74 kB
dist/.vite/manifest.json                                   37.20 kB │ gzip:   2.76 kB
dist/assets/login-shield-screenshot-cbDbmGTr.png           78.94 kB
dist/assets/login-hologram-shield-alpha-EYgwSM-D.png      289.12 kB
dist/assets/index-Cg4Bo8tI.css                          1,212.81 kB │ gzip: 170.32 kB
dist/assets/modelWorkbenchApi-DMODx7b4.js                   0.16 kB │ gzip:   0.15 kB
dist/assets/StatusTag-DX1xSoty.js                           0.31 kB │ gzip:   0.35 kB
dist/assets/WorkPanel-D5XyU7AQ.js                           0.38 kB │ gzip:   0.23 kB
dist/assets/MetricTile-D8Dd58xO.js                          0.55 kB │ gzip:   0.34 kB
dist/assets/pageRouteState-R9Hy5Slm.js                      0.82 kB │ gzip:   0.56 kB
dist/assets/DetailPage-CbLpkJF8.js                          1.53 kB │ gzip:   0.79 kB
dist/assets/OidcCallbackPage-CZaCgyhb.js                    2.06 kB │ gzip:   1.10 kB
dist/assets/OverlayContractHost-CjC1gvzf.js                 2.75 kB │ gzip:   1.42 kB
dist/assets/vendor-size-sensor-iY3GC-0X.js                  3.46 kB │ gzip:   1.23 kB
dist/assets/vendor-stylis-BmaM3nay.js                       3.82 kB │ gzip:   1.80 kB
dist/assets/vendor-echarts-react-DAAh5KIH.js                3.91 kB │ gzip:   1.48 kB
dist/assets/ProductPage-CEuqrn44.js                         4.46 kB │ gzip:   2.11 kB
dist/assets/vendor-ant-design-fast-color-a4DwzfPV.js        5.70 kB │ gzip:   2.21 kB
dist/assets/LoginPage-D-v2HquR.js                           8.21 kB │ gzip:   3.21 kB
dist/assets/NotFoundPage-BCJ0E86U.js                        9.16 kB │ gzip:   3.79 kB
dist/assets/vendor-remix-run-router-DTlRP5cs.js             9.22 kB │ gzip:   4.10 kB
dist/assets/campaignActionApi-DjID5eRA.js                  10.72 kB │ gzip:   4.44 kB
dist/assets/vendor-router-CQ_4Ibzk.js                      12.46 kB │ gzip:   4.59 kB
dist/assets/vendor-babel-runtime-DOsDFnm7.js               12.74 kB │ gzip:   4.46 kB
dist/assets/vendor-dayjs-Csm2ddBZ.js                       15.01 kB │ gzip:   5.86 kB
dist/assets/DashboardOperationsPage-DH6lg-pD.js            16.59 kB │ gzip:   7.26 kB
dist/assets/alertTriageApi-C7ipAHJU.js                     16.73 kB │ gzip:   6.28 kB
dist/assets/vendor-misc-Ic7fAJjT.js                        20.35 kB │ gzip:   7.80 kB
dist/assets/MlopsOrchestrationPage-DPEFrfU_.js             22.77 kB │ gzip:   8.74 kB
dist/assets/ForensicsWorkbenchPage-Dd928rhq.js             23.14 kB │ gzip:   7.56 kB
dist/assets/SituationalScreen-BjiSnam6.js                  23.38 kB │ gzip:   8.49 kB
dist/assets/SettingsGovernancePage-eGo7HXTA.js             23.95 kB │ gzip:   9.24 kB
dist/assets/AlertTriagePage-BC308b65.js                    25.78 kB │ gzip:  10.34 kB
dist/assets/PlaybookAutomationPage-DaAilX2a.js             27.27 kB │ gzip:  10.63 kB
dist/assets/ComplianceAuditPage-DZ3ygQ3h.js                27.98 kB │ gzip:   9.75 kB
dist/assets/ProbesManagementPage-DhObYMeO.js               28.53 kB │ gzip:  10.43 kB
dist/assets/GraphEntityPage-DEfgCJ-A.js                    29.03 kB │ gzip:   9.89 kB
dist/assets/NotificationConfigPage-dr69Fq1D.js             30.54 kB │ gzip:   9.57 kB
dist/assets/FusionWorkbenchPage-IZIqM-FA.js                30.67 kB │ gzip:  10.90 kB
dist/assets/AttackChainAnalysisPage-BLtedbzI.js            30.87 kB │ gzip:  10.78 kB
dist/assets/RuleManagementPage-C2nCGb_B.js                 32.71 kB │ gzip:  12.29 kB
dist/assets/CampaignWorkbenchPage-BHsAFfCb.js              35.45 kB │ gzip:  13.06 kB
dist/assets/WhitelistGovernancePage-BRBsLoRy.js            35.89 kB │ gzip:  12.47 kB
dist/assets/ModelManagementPage-A40MUC7v.js                36.80 kB │ gzip:  11.69 kB
dist/assets/AuditLogPage-DYspHCEk.js                       38.58 kB │ gzip:  13.41 kB
dist/assets/DeploymentManagementPage-BTmpVBpf.js           44.51 kB │ gzip:  14.85 kB
dist/assets/EncryptedTrafficPage-BhAQz4PQ.js               48.40 kB │ gzip:  13.97 kB
dist/assets/AlertDetailPage-CVlun-w5.js                    56.90 kB │ gzip:  17.10 kB
dist/assets/CampaignDetailPage-82exCT2x.js                 57.03 kB │ gzip:  18.19 kB
dist/assets/BaselineWorkbenchPage-BEGyf6tV.js              60.66 kB │ gzip:  19.18 kB
dist/assets/DataQualityPage-CNcS9GZ9.js                    69.90 kB │ gzip:  20.91 kB
dist/assets/AssetInventoryPage-BZ3fXDqf.js                 75.31 kB │ gzip:  25.35 kB
dist/assets/vendor-data-38j4_Kgc.js                        87.66 kB │ gzip:  29.79 kB
dist/assets/charts-CvgvqFZE.js                            102.51 kB │ gzip:  30.31 kB
dist/assets/TopicWorkbenchPage-DqCnh4I2.js                104.41 kB │ gzip:  31.22 kB
dist/assets/vendor-ant-design-iL5Z5GZv.js                 142.06 kB │ gzip:  42.65 kB
dist/assets/vendor-react-DcxXCZkJ.js                      142.43 kB │ gzip:  45.67 kB
dist/assets/vendor-zrender-B5rmKzn9.js                    222.71 kB │ gzip:  76.45 kB
dist/assets/index-CxTxAHFn.js                             261.42 kB │ gzip:  86.80 kB
dist/assets/vendor-rc-Bx0d6omx.js                         448.08 kB │ gzip: 151.04 kB
dist/assets/vendor-antd-Cl21FpTz.js                       590.61 kB │ gzip: 162.23 kB
dist/assets/vendor-echarts-uE562c_N.js                    913.79 kB │ gzip: 305.62 kB

(!) Some chunks are larger than 500 kB after minification. Consider:
- Using dynamic import() to code-split the application
- Use build.rollupOptions.output.manualChunks to improve chunking: https://rollupjs.org/configuration-options/#output-manualchunks
- Adjust chunk size limit for this warning via build.chunkSizeWarningLimit.
✓ built in 10.02s

> traffic-analysis-ui@2.0.0 test
> vitest --run


 RUN  v1.6.1 /home/wangwt/phase_2/code/traffic-analysis-platform-remediation-integration/web/ui

 ✓ src/routes/encryptedTrafficVisuals.test.ts  (2 tests) 27ms
 ✓ src/services/alertStatus.test.ts  (2 tests) 3ms
 ✓ src/pages/AlertDetailPage.test.ts  (9 tests) 17ms
 ✓ src/routes/routeExportSemantics.test.ts  (2 tests) 6ms
 ✓ src/routes/noBitmapUi.test.ts  (1 test) 45ms
 ✓ src/routes/forensicsRouteState.test.ts  (2 tests) 5ms
 ✓ src/routes/pageRouteState.test.ts  (4 tests) 5ms
 ✓ src/pages/AlertTriagePage.test.ts  (10 tests) 71ms
 ✓ src/services/dashboardSnapshotApi.test.ts  (2 tests) 66ms
 ✓ src/services/alertDetailActionApi.test.ts  (15 tests) 14ms
 ✓ src/services/campaignActionApi.test.ts  (13 tests) 18ms
 ✓ src/routes/campaignWorkbench.test.ts  (2 tests) 12ms
 ✓ src/routes/attackChainCanvas.test.ts  (1 test) 7ms
 ✓ src/services/notificationGovernanceApi.test.ts  (4 tests) 258ms
 ✓ src/routes/campaignImpactFocus.test.ts  (2 tests) 20ms
 ✓ src/services/alertTriageApi.test.ts  (3 tests) 6ms
 ✓ src/services/authStorage.test.ts  (5 tests) 19ms
 ✓ src/routes/graphEntityLogic.test.ts  (2 tests) 11ms
 ✓ src/routes/dataQualityTabs.test.ts  (3 tests) 23ms
 ✓ src/pages/dashboardDisplay.test.ts  (3 tests) 22ms
 ✓ src/components/topicTopologyLabel.test.ts  (3 tests) 43ms
 ✓ src/services/assetGovernanceApi.test.ts  (2 tests) 37ms
 ✓ src/services/modelChartData.test.ts  (4 tests) 54ms
 ✓ src/utils/playbookAudit.test.ts  (1 test) 44ms
 ✓ src/pages/DeploymentManagementWorkspace.test.ts  (10 tests) 55ms
 ✓ src/pages/baselineOverviewAdapters.test.ts  (3 tests) 85ms
 ✓ src/pages/RuleManagementPage.test.ts  (10 tests) 40ms
 ✓ src/pages/assetInventoryState.test.ts  (5 tests) 78ms
 ✓ src/services/notFoundApi.test.ts  (2 tests) 288ms
 ✓ src/services/complianceGovernanceApi.test.ts  (4 tests) 314ms
 ✓ src/services/auditGovernanceApi.test.ts  (4 tests) 342ms
 ✓ src/utils/visualBreakdownMode.test.ts  (2 tests) 25ms
 ✓ src/services/realtime.test.ts  (3 tests) 39ms
 ✓ src/services/mlopsActionApi.test.ts  (12 tests) 27ms
 ✓ src/routes/access.test.ts  (6 tests) 15ms
 ✓ src/routes/routeManifest.test.ts  (9 tests) 14ms
 ✓ src/routes/pageDesignContracts.test.ts  (6 tests) 21ms
 ✓ src/services/pageApiPlans.test.ts  (23 tests) 36ms
 ✓ src/services/campaignSnapshotFilters.test.ts  (2 tests) 22ms
 ✓ src/services/dlqReplayApi.test.ts  (2 tests) 16ms
 ✓ src/services/forensicsApi.test.ts  (1 test) 71ms
 ✓ src/services/campaignDetailApi.test.ts  (7 tests) 138ms
 ✓ src/services/playbookAutomationApi.test.ts  (7 tests) 67ms
 ✓ src/services/assetDetailSnapshotApi.test.ts  (2 tests) 96ms
 ✓ src/services/topicApi.test.ts  (3 tests) 41ms
 ✓ src/services/dashboardTaskApi.test.ts  (3 tests) 53ms
 ✓ src/services/assetExportApi.test.ts  (3 tests) 49ms
 ✓ src/services/pageSnapshotFallback.test.ts  (3 tests) 15ms
 ✓ src/services/probeApi.test.ts  (2 tests) 17ms
 ✓ src/services/pageSnapshotAdapters.test.ts  (32 tests) 184ms
 ✓ src/services/baselineApi.test.ts  (7 tests) 23ms
 ✓ src/services/modelActionApi.test.ts  (14 tests) 53ms
 ✓ src/services/whitelistGovernanceApi.test.ts  (3 tests) 26ms
 ✓ src/services/alertDetailApi.test.ts  (9 tests) 77ms
 ✓ src/services/alertBatchApi.test.ts  (1 test) 5ms
 ✓ src/components/CloseableConfirmButton.test.tsx  (2 tests) 817ms
 ✓ src/pages/NotFoundPage.test.tsx  (4 tests) 2997ms

 Test Files  57 passed (57)
      Tests  303 passed (303)
   Start at  00:05:10
   Duration  10.04s (transform 14.66s, setup 8.29s, collect 82.56s, tests 6.98s, environment 60.77s, prepare 29.44s)

[INFO] Scanning for projects...
[INFO] ------------------------------------------------------------------------
[INFO] Reactor Build Order:
[INFO] 
[INFO] Traffic Analysis Platform - Flink Jobs                             [pom]
[INFO] Flink Common - Protobuf and Utilities                              [jar]
[INFO] Flink Session Job - Flow to Session Aggregation                    [jar]
[INFO] Flink Feature Job - L1/L2/L3 Feature Extraction                    [jar]
[INFO] Flink Rule Job                                                     [jar]
[INFO] Flink PCAP Index Job - PCAP Metadata Indexing                      [jar]
[INFO] Flink CEP Correlation Job                                          [jar]
[INFO] Flink Behavior Detection Job - ML-based Behavior Analysis          [jar]
[INFO] Flink Alert Generator Job                                          [jar]
[INFO] Flink Log Job - Syslog Parser & Enricher                           [jar]
[INFO] Flink User Behavior Job                                            [jar]
[INFO] 
[INFO] -----------------------< com.traffic:flink-jobs >-----------------------
[INFO] Building Traffic Analysis Platform - Flink Jobs 1.0.0-SNAPSHOT    [1/11]
[INFO] --------------------------------[ pom ]---------------------------------
[INFO] 
[INFO] ----------------------< com.traffic:flink-common >----------------------
[INFO] Building Flink Common - Protobuf and Utilities 1.0.0-SNAPSHOT     [2/11]
[INFO] --------------------------------[ jar ]---------------------------------
[INFO] 
[INFO] --- maven-resources-plugin:2.6:resources (default-resources) @ flink-common ---
[INFO] Using 'UTF-8' encoding to copy filtered resources.
[INFO] skip non existing resourceDirectory /home/wangwt/phase_2/code/traffic-analysis-platform-remediation-integration/java/flink-jobs/flink-common/src/main/resources
[INFO] 
[INFO] --- maven-compiler-plugin:3.11.0:compile (default-compile) @ flink-common ---
[INFO] Changes detected - recompiling the module! :source
[INFO] Compiling 204 source files with javac [debug target 11] to target/classes
[WARNING] system modules path not set in conjunction with -source 11
[INFO] 
[INFO] --- maven-resources-plugin:2.6:testResources (default-testResources) @ flink-common ---
[INFO] Using 'UTF-8' encoding to copy filtered resources.
[INFO] skip non existing resourceDirectory /home/wangwt/phase_2/code/traffic-analysis-platform-remediation-integration/java/flink-jobs/flink-common/src/test/resources
[INFO] 
[INFO] --- maven-compiler-plugin:3.11.0:testCompile (default-testCompile) @ flink-common ---
[INFO] Changes detected - recompiling the module! :dependency
[INFO] Compiling 5 source files with javac [debug target 11] to target/test-classes
[WARNING] system modules path not set in conjunction with -source 11
[INFO] 
[INFO] --- maven-surefire-plugin:3.2.2:test (default-test) @ flink-common ---
[INFO] Using auto detected provider org.apache.maven.surefire.junitplatform.JUnitPlatformProvider
[INFO] 
[INFO] -------------------------------------------------------
[INFO]  T E S T S
[INFO] -------------------------------------------------------
[INFO] Running com.traffic.flink.common.ConfigUtilsTest
[INFO] Tests run: 2, Failures: 0, Errors: 0, Skipped: 0, Time elapsed: 0.284 s -- in com.traffic.flink.common.ConfigUtilsTest
[INFO] Running com.traffic.flink.common.CommunityIdUtilTest
[INFO] Tests run: 10, Failures: 0, Errors: 0, Skipped: 0, Time elapsed: 0.019 s -- in com.traffic.flink.common.CommunityIdUtilTest
[INFO] Running com.traffic.flink.common.KafkaStartingOffsetsTest
[INFO] Tests run: 2, Failures: 0, Errors: 0, Skipped: 0, Time elapsed: 0.004 s -- in com.traffic.flink.common.KafkaStartingOffsetsTest
[INFO] Running com.traffic.flink.common.ProtoDeserializerTest
[INFO] Tests run: 2, Failures: 0, Errors: 0, Skipped: 0, Time elapsed: 0.057 s -- in com.traffic.flink.common.ProtoDeserializerTest
[INFO] Running com.traffic.flink.common.DeterministicIdTest
[INFO] Tests run: 5, Failures: 0, Errors: 0, Skipped: 0, Time elapsed: 0.005 s -- in com.traffic.flink.common.DeterministicIdTest
[INFO] 
[INFO] Results:
[INFO] 
[INFO] Tests run: 21, Failures: 0, Errors: 0, Skipped: 0
[INFO] 
[INFO] 
[INFO] -------------------< com.traffic:flink-session-job >--------------------
[INFO] Building Flink Session Job - Flow to Session Aggregation 1.0.0-SNAPSHOT [3/11]
[INFO] --------------------------------[ jar ]---------------------------------
[INFO] 
[INFO] --- maven-resources-plugin:2.6:resources (default-resources) @ flink-session-job ---
[INFO] Using 'UTF-8' encoding to copy filtered resources.
[INFO] Copying 2 resources
[INFO] 
[INFO] --- maven-compiler-plugin:3.11.0:compile (default-compile) @ flink-session-job ---
[INFO] Changes detected - recompiling the module! :dependency
[INFO] Compiling 17 source files with javac [debug target 11] to target/classes
[WARNING] system modules path not set in conjunction with -source 11
[INFO] 
[INFO] --- maven-resources-plugin:2.6:testResources (default-testResources) @ flink-session-job ---
[INFO] Using 'UTF-8' encoding to copy filtered resources.
[INFO] skip non existing resourceDirectory /home/wangwt/phase_2/code/traffic-analysis-platform-remediation-integration/java/flink-jobs/flink-session-job/src/test/resources
[INFO] 
[INFO] --- maven-compiler-plugin:3.11.0:testCompile (default-testCompile) @ flink-session-job ---
[INFO] Changes detected - recompiling the module! :dependency
[INFO] Compiling 8 source files with javac [debug target 11] to target/test-classes
[WARNING] system modules path not set in conjunction with -source 11
[INFO] /home/wangwt/phase_2/code/traffic-analysis-platform-remediation-integration/java/flink-jobs/flink-session-job/src/test/java/com/traffic/flink/session/processor/SessionizeProcessFunctionK8sTest.java: /home/wangwt/phase_2/code/traffic-analysis-platform-remediation-integration/java/flink-jobs/flink-session-job/src/test/java/com/traffic/flink/session/processor/SessionizeProcessFunctionK8sTest.java uses or overrides a deprecated API.
[INFO] /home/wangwt/phase_2/code/traffic-analysis-platform-remediation-integration/java/flink-jobs/flink-session-job/src/test/java/com/traffic/flink/session/processor/SessionizeProcessFunctionK8sTest.java: Recompile with -Xlint:deprecation for details.
[INFO] /home/wangwt/phase_2/code/traffic-analysis-platform-remediation-integration/java/flink-jobs/flink-session-job/src/test/java/com/traffic/flink/session/sink/ClickHouseAsyncSinkFunctionTest.java: /home/wangwt/phase_2/code/traffic-analysis-platform-remediation-integration/java/flink-jobs/flink-session-job/src/test/java/com/traffic/flink/session/sink/ClickHouseAsyncSinkFunctionTest.java uses unchecked or unsafe operations.
[INFO] /home/wangwt/phase_2/code/traffic-analysis-platform-remediation-integration/java/flink-jobs/flink-session-job/src/test/java/com/traffic/flink/session/sink/ClickHouseAsyncSinkFunctionTest.java: Recompile with -Xlint:unchecked for details.
[INFO] 
[INFO] --- maven-surefire-plugin:3.2.2:test (default-test) @ flink-session-job ---
[INFO] Using auto detected provider org.apache.maven.surefire.junitplatform.JUnitPlatformProvider
[INFO] 
[INFO] -------------------------------------------------------
[INFO]  T E S T S
[INFO] -------------------------------------------------------
[INFO] Running com.traffic.flink.session.sink.OpenSearchSinkFunctionTest
OpenJDK 64-Bit Server VM warning: Sharing is only supported for boot loader classes because bootstrap classpath has been appended
[INFO] Tests run: 4, Failures: 0, Errors: 0, Skipped: 0, Time elapsed: 1.011 s -- in com.traffic.flink.session.sink.OpenSearchSinkFunctionTest
[INFO] Running com.traffic.flink.session.sink.FlowRawClickHouseSinkFunctionTest
[INFO] Tests run: 2, Failures: 0, Errors: 0, Skipped: 0, Time elapsed: 0.007 s -- in com.traffic.flink.session.sink.FlowRawClickHouseSinkFunctionTest
[INFO] Running com.traffic.flink.session.sink.ClickHouseAsyncSinkFunctionTest
[INFO] Tests run: 3, Failures: 0, Errors: 0, Skipped: 0, Time elapsed: 0.058 s -- in com.traffic.flink.session.sink.ClickHouseAsyncSinkFunctionTest
[INFO] Running com.traffic.flink.session.CommunityIdUtilTest
[INFO] Tests run: 14, Failures: 0, Errors: 0, Skipped: 0, Time elapsed: 0.063 s -- in com.traffic.flink.session.CommunityIdUtilTest
[INFO] Running com.traffic.flink.session.SessionJobIntegrationTest
[INFO] Tests run: 4, Failures: 0, Errors: 0, Skipped: 0, Time elapsed: 2.107 s -- in com.traffic.flink.session.SessionJobIntegrationTest
[INFO] Running com.traffic.flink.session.SessionAggregatorTest
[INFO] Tests run: 18, Failures: 0, Errors: 0, Skipped: 0, Time elapsed: 0.016 s -- in com.traffic.flink.session.SessionAggregatorTest
[INFO] Running com.traffic.flink.session.source.FlowEventParseFunctionTest
[INFO] Tests run: 3, Failures: 0, Errors: 0, Skipped: 0, Time elapsed: 0.011 s -- in com.traffic.flink.session.source.FlowEventParseFunctionTest
[INFO] Running com.traffic.flink.session.processor.SessionizeProcessFunctionK8sTest
[INFO] Tests run: 8, Failures: 0, Errors: 0, Skipped: 0, Time elapsed: 7.373 s -- in com.traffic.flink.session.processor.SessionizeProcessFunctionK8sTest
[INFO] 
[INFO] Results:
[INFO] 
[INFO] Tests run: 56, Failures: 0, Errors: 0, Skipped: 0
[INFO] 
[INFO] 
[INFO] -------------------< com.traffic:flink-feature-job >--------------------
[INFO] Building Flink Feature Job - L1/L2/L3 Feature Extraction 1.0.0-SNAPSHOT [4/11]
[INFO] --------------------------------[ jar ]---------------------------------
[INFO] 
[INFO] --- maven-resources-plugin:2.6:resources (default-resources) @ flink-feature-job ---
[INFO] Using 'UTF-8' encoding to copy filtered resources.
[INFO] Copying 2 resources
[INFO] 
[INFO] --- maven-compiler-plugin:3.11.0:compile (default-compile) @ flink-feature-job ---
[INFO] Changes detected - recompiling the module! :dependency
[INFO] Compiling 12 source files with javac [debug target 11] to target/classes
[WARNING] system modules path not set in conjunction with -source 11
[INFO] /home/wangwt/phase_2/code/traffic-analysis-platform-remediation-integration/java/flink-jobs/flink-feature-job/src/main/java/com/traffic/flink/feature/source/FeatureSetConfigSource.java: Some input files use or override a deprecated API.
[INFO] /home/wangwt/phase_2/code/traffic-analysis-platform-remediation-integration/java/flink-jobs/flink-feature-job/src/main/java/com/traffic/flink/feature/source/FeatureSetConfigSource.java: Recompile with -Xlint:deprecation for details.
[INFO] 
[INFO] --- maven-resources-plugin:2.6:testResources (default-testResources) @ flink-feature-job ---
[INFO] Using 'UTF-8' encoding to copy filtered resources.
[INFO] skip non existing resourceDirectory /home/wangwt/phase_2/code/traffic-analysis-platform-remediation-integration/java/flink-jobs/flink-feature-job/src/test/resources
[INFO] 
[INFO] --- maven-compiler-plugin:3.11.0:testCompile (default-testCompile) @ flink-feature-job ---
[INFO] Changes detected - recompiling the module! :dependency
[INFO] Compiling 2 source files with javac [debug target 11] to target/test-classes
[WARNING] system modules path not set in conjunction with -source 11
[INFO] 
[INFO] --- maven-surefire-plugin:3.2.2:test (default-test) @ flink-feature-job ---
[INFO] Using auto detected provider org.apache.maven.surefire.junitplatform.JUnitPlatformProvider
[INFO] 
[INFO] -------------------------------------------------------
[INFO]  T E S T S
[INFO] -------------------------------------------------------
[INFO] Running com.traffic.flink.feature.calculator.FeatureCalculatorTest
[INFO] Tests run: 31, Failures: 0, Errors: 0, Skipped: 0, Time elapsed: 0.412 s -- in com.traffic.flink.feature.calculator.FeatureCalculatorTest
[INFO] Running com.traffic.flink.feature.processor.FeatureProcessFunctionV3Test
[INFO] Tests run: 1, Failures: 0, Errors: 0, Skipped: 0, Time elapsed: 0.023 s -- in com.traffic.flink.feature.processor.FeatureProcessFunctionV3Test
[INFO] 
[INFO] Results:
[INFO] 
[INFO] Tests run: 32, Failures: 0, Errors: 0, Skipped: 0
[INFO] 
[INFO] 
[INFO] ---------------------< com.traffic:flink-rule-job >---------------------
[INFO] Building Flink Rule Job 1.0.0-SNAPSHOT                            [5/11]
[INFO] --------------------------------[ jar ]---------------------------------
[INFO] 
[INFO] --- maven-resources-plugin:2.6:resources (default-resources) @ flink-rule-job ---
[INFO] Using 'UTF-8' encoding to copy filtered resources.
[INFO] Copying 8 resources
[INFO] 
[INFO] --- maven-compiler-plugin:3.11.0:compile (default-compile) @ flink-rule-job ---
[INFO] Changes detected - recompiling the module! :dependency
[INFO] Compiling 23 source files with javac [debug target 11] to target/classes
[WARNING] system modules path not set in conjunction with -source 11
[INFO] 
[INFO] --- maven-resources-plugin:2.6:testResources (default-testResources) @ flink-rule-job ---
[INFO] Using 'UTF-8' encoding to copy filtered resources.
[INFO] skip non existing resourceDirectory /home/wangwt/phase_2/code/traffic-analysis-platform-remediation-integration/java/flink-jobs/flink-rule-job/src/test/resources
[INFO] 
[INFO] --- maven-compiler-plugin:3.11.0:testCompile (default-testCompile) @ flink-rule-job ---
[INFO] Changes detected - recompiling the module! :dependency
[INFO] Compiling 5 source files with javac [debug target 11] to target/test-classes
[WARNING] system modules path not set in conjunction with -source 11
[INFO] 
[INFO] --- maven-surefire-plugin:3.0.0:test (default-test) @ flink-rule-job ---
[INFO] Using auto detected provider org.apache.maven.surefire.junitplatform.JUnitPlatformProvider
[INFO] 
[INFO] -------------------------------------------------------
[INFO]  T E S T S
[INFO] -------------------------------------------------------
[INFO] Running com.traffic.flink.rule.util.CommunityIdParserTest
[INFO] Tests run: 7, Failures: 0, Errors: 0, Skipped: 0, Time elapsed: 0.308 s - in com.traffic.flink.rule.util.CommunityIdParserTest
[INFO] Running com.traffic.flink.rule.matcher.PortScanMatcherTest
[INFO] Tests run: 3, Failures: 0, Errors: 0, Skipped: 0, Time elapsed: 0.021 s - in com.traffic.flink.rule.matcher.PortScanMatcherTest
[INFO] Running com.traffic.flink.rule.matcher.BlacklistMatcherTest
[INFO] Tests run: 5, Failures: 0, Errors: 0, Skipped: 0, Time elapsed: 0.008 s - in com.traffic.flink.rule.matcher.BlacklistMatcherTest
[INFO] Running com.traffic.flink.rule.matcher.ThresholdMatcherTest
[INFO] Tests run: 13, Failures: 0, Errors: 0, Skipped: 0, Time elapsed: 0.05 s - in com.traffic.flink.rule.matcher.ThresholdMatcherTest
[INFO] Running com.traffic.flink.rule.matcher.BruteForceMatcherTest
[INFO] Tests run: 4, Failures: 0, Errors: 0, Skipped: 0, Time elapsed: 0.004 s - in com.traffic.flink.rule.matcher.BruteForceMatcherTest
[INFO] 
[INFO] Results:
[INFO] 
[INFO] Tests run: 32, Failures: 0, Errors: 0, Skipped: 0
[INFO] 
[INFO] 
[INFO] ------------------< com.traffic:flink-pcap-index-job >------------------
[INFO] Building Flink PCAP Index Job - PCAP Metadata Indexing 1.0.0-SNAPSHOT [6/11]
[INFO] --------------------------------[ jar ]---------------------------------
[INFO] 
[INFO] --- maven-resources-plugin:2.6:resources (default-resources) @ flink-pcap-index-job ---
[INFO] Using 'UTF-8' encoding to copy filtered resources.
[INFO] Copying 2 resources
[INFO] 
[INFO] --- maven-compiler-plugin:3.11.0:compile (default-compile) @ flink-pcap-index-job ---
[INFO] Changes detected - recompiling the module! :dependency
[INFO] Compiling 7 source files with javac [debug target 11] to target/classes
[WARNING] system modules path not set in conjunction with -source 11
[INFO] 
[INFO] --- maven-resources-plugin:2.6:testResources (default-testResources) @ flink-pcap-index-job ---
[INFO] Using 'UTF-8' encoding to copy filtered resources.
[INFO] skip non existing resourceDirectory /home/wangwt/phase_2/code/traffic-analysis-platform-remediation-integration/java/flink-jobs/flink-pcap-index-job/src/test/resources
[INFO] 
[INFO] --- maven-compiler-plugin:3.11.0:testCompile (default-testCompile) @ flink-pcap-index-job ---
[INFO] Changes detected - recompiling the module! :dependency
[INFO] Compiling 4 source files with javac [debug target 11] to target/test-classes
[WARNING] system modules path not set in conjunction with -source 11
[INFO] 
[INFO] --- maven-surefire-plugin:3.2.2:test (default-test) @ flink-pcap-index-job ---
[INFO] Using auto detected provider org.apache.maven.surefire.junitplatform.JUnitPlatformProvider
[INFO] 
[INFO] -------------------------------------------------------
[INFO]  T E S T S
[INFO] -------------------------------------------------------
[INFO] Running com.traffic.flink.pcap.sink.ClickHousePcapSinkFactoryTest
OpenJDK 64-Bit Server VM warning: Sharing is only supported for boot loader classes because bootstrap classpath has been appended
[INFO] Tests run: 1, Failures: 0, Errors: 0, Skipped: 0, Time elapsed: 0.717 s -- in com.traffic.flink.pcap.sink.ClickHousePcapSinkFactoryTest
[INFO] Running com.traffic.flink.pcap.PcapIndexJobIntegrationTest
[WARNING] Tests run: 4, Failures: 0, Errors: 0, Skipped: 4, Time elapsed: 0.001 s -- in com.traffic.flink.pcap.PcapIndexJobIntegrationTest
[INFO] Running com.traffic.flink.pcap.util.BloomFilterUtilTest
[INFO] Tests run: 4, Failures: 0, Errors: 0, Skipped: 0, Time elapsed: 0.323 s -- in com.traffic.flink.pcap.util.BloomFilterUtilTest
[INFO] Running com.traffic.flink.pcap.process.PcapIndexProcessFunctionTest
[INFO] Tests run: 4, Failures: 0, Errors: 0, Skipped: 0, Time elapsed: 0.189 s -- in com.traffic.flink.pcap.process.PcapIndexProcessFunctionTest
[INFO] 
[INFO] Results:
[INFO] 
[WARNING] Tests run: 13, Failures: 0, Errors: 0, Skipped: 4
[INFO] 
[INFO] 
[INFO] ---------------------< com.traffic:flink-cep-job >----------------------
[INFO] Building Flink CEP Correlation Job 1.0.0-SNAPSHOT                 [7/11]
[INFO] --------------------------------[ jar ]---------------------------------
[INFO] 
[INFO] --- jacoco-maven-plugin:0.8.10:prepare-agent (default) @ flink-cep-job ---
[INFO] argLine set to -javaagent:/home/wangwt/task/my_maven_local_repository/org/jacoco/org.jacoco.agent/0.8.10/org.jacoco.agent-0.8.10-runtime.jar=destfile=/home/wangwt/phase_2/code/traffic-analysis-platform-remediation-integration/java/flink-jobs/flink-cep-job/target/jacoco.exec
[INFO] 
[INFO] --- maven-resources-plugin:2.6:resources (default-resources) @ flink-cep-job ---
[INFO] Using 'UTF-8' encoding to copy filtered resources.
[INFO] Copying 2 resources
[INFO] 
[INFO] --- maven-compiler-plugin:3.11.0:compile (default-compile) @ flink-cep-job ---
[INFO] Changes detected - recompiling the module! :dependency
[INFO] Compiling 17 source files with javac [debug target 11] to target/classes
[WARNING] system modules path not set in conjunction with -source 11
[INFO] 
[INFO] --- maven-resources-plugin:2.6:testResources (default-testResources) @ flink-cep-job ---
[INFO] Using 'UTF-8' encoding to copy filtered resources.
[INFO] skip non existing resourceDirectory /home/wangwt/phase_2/code/traffic-analysis-platform-remediation-integration/java/flink-jobs/flink-cep-job/src/test/resources
[INFO] 
[INFO] --- maven-compiler-plugin:3.11.0:testCompile (default-testCompile) @ flink-cep-job ---
[INFO] Changes detected - recompiling the module! :dependency
[INFO] Compiling 13 source files with javac [debug target 11] to target/test-classes
[WARNING] system modules path not set in conjunction with -source 11
[INFO] /home/wangwt/phase_2/code/traffic-analysis-platform-remediation-integration/java/flink-jobs/flink-cep-job/src/test/java/com/traffic/flink/cep/select/CampaignSelectorTest.java: Some input files use or override a deprecated API.
[INFO] /home/wangwt/phase_2/code/traffic-analysis-platform-remediation-integration/java/flink-jobs/flink-cep-job/src/test/java/com/traffic/flink/cep/select/CampaignSelectorTest.java: Recompile with -Xlint:deprecation for details.
[INFO] 
[INFO] --- maven-surefire-plugin:3.1.2:test (default-test) @ flink-cep-job ---
[INFO] Using auto detected provider org.apache.maven.surefire.junitplatform.JUnitPlatformProvider
[INFO] 
[INFO] -------------------------------------------------------
[INFO]  T E S T S
[INFO] -------------------------------------------------------
[INFO] Running com.traffic.flink.cep.sink.ClickHouseSinkFactoryTest
SLF4J: No SLF4J providers were found.
SLF4J: Defaulting to no-operation (NOP) logger implementation
SLF4J: See https://www.slf4j.org/codes.html#noProviders for further details.
SLF4J: Class path contains SLF4J bindings targeting slf4j-api versions 1.7.x or earlier.
SLF4J: Ignoring binding found at [jar:file:/home/wangwt/task/my_maven_local_repository/org/apache/logging/log4j/log4j-slf4j-impl/2.25.3/log4j-slf4j-impl-2.25.3.jar!/org/slf4j/impl/StaticLoggerBinder.class]
SLF4J: See https://www.slf4j.org/codes.html#ignoredBindings for an explanation.
[INFO] Tests run: 2, Failures: 0, Errors: 0, Skipped: 0, Time elapsed: 0.101 s -- in com.traffic.flink.cep.sink.ClickHouseSinkFactoryTest
[INFO] Running com.traffic.flink.cep.sink.KafkaSinkFactoryTest
[INFO] Tests run: 2, Failures: 0, Errors: 0, Skipped: 0, Time elapsed: 0.012 s -- in com.traffic.flink.cep.sink.KafkaSinkFactoryTest
[INFO] Running com.traffic.flink.cep.CepJobIntegrationTest
[INFO] Tests run: 5, Failures: 0, Errors: 0, Skipped: 0, Time elapsed: 5.668 s -- in com.traffic.flink.cep.CepJobIntegrationTest
[INFO] Running com.traffic.flink.cep.select.CampaignBuilderUtilsTest
[INFO] Tests run: 12, Failures: 0, Errors: 0, Skipped: 0, Time elapsed: 0.012 s -- in com.traffic.flink.cep.select.CampaignBuilderUtilsTest
[INFO] Running com.traffic.flink.cep.select.CampaignSelectorTest
[INFO] Tests run: 7, Failures: 0, Errors: 0, Skipped: 0, Time elapsed: 7.329 s -- in com.traffic.flink.cep.select.CampaignSelectorTest
[INFO] Running com.traffic.flink.cep.model.CampaignTypeTest
[INFO] Tests run: 3, Failures: 0, Errors: 0, Skipped: 0, Time elapsed: 0.006 s -- in com.traffic.flink.cep.model.CampaignTypeTest
[INFO] Running com.traffic.flink.cep.model.AttackPhaseTest
[INFO] Tests run: 3, Failures: 0, Errors: 0, Skipped: 0, Time elapsed: 0.002 s -- in com.traffic.flink.cep.model.AttackPhaseTest
[INFO] Running com.traffic.flink.cep.patterns.DataExfilPatternTest
[INFO] Tests run: 4, Failures: 0, Errors: 0, Skipped: 0, Time elapsed: 0.004 s -- in com.traffic.flink.cep.patterns.DataExfilPatternTest
[INFO] Running com.traffic.flink.cep.patterns.PatternConfigTest
[INFO] Tests run: 3, Failures: 0, Errors: 0, Skipped: 0, Time elapsed: 0.002 s -- in com.traffic.flink.cep.patterns.PatternConfigTest
[INFO] Running com.traffic.flink.cep.patterns.BruteForcePatternTest
[INFO] Tests run: 4, Failures: 0, Errors: 0, Skipped: 0, Time elapsed: 0.002 s -- in com.traffic.flink.cep.patterns.BruteForcePatternTest
[INFO] Running com.traffic.flink.cep.patterns.ScanExploitPatternTest
[INFO] Tests run: 4, Failures: 0, Errors: 0, Skipped: 0, Time elapsed: 0.002 s -- in com.traffic.flink.cep.patterns.ScanExploitPatternTest
[INFO] Running com.traffic.flink.cep.patterns.LateralMovementPatternTest
[INFO] Tests run: 4, Failures: 0, Errors: 0, Skipped: 0, Time elapsed: 0.004 s -- in com.traffic.flink.cep.patterns.LateralMovementPatternTest
[INFO] Running com.traffic.flink.cep.patterns.C2BeaconPatternTest
[INFO] Tests run: 3, Failures: 0, Errors: 0, Skipped: 0, Time elapsed: 0.003 s -- in com.traffic.flink.cep.patterns.C2BeaconPatternTest
[INFO] 
[INFO] Results:
[INFO] 
[INFO] Tests run: 56, Failures: 0, Errors: 0, Skipped: 0
[INFO] 
[INFO] 
[INFO] --- jacoco-maven-plugin:0.8.10:report (report) @ flink-cep-job ---
[INFO] Skipping JaCoCo execution due to missing execution data file.
[INFO] 
[INFO] -------------------< com.traffic:flink-behavior-job >-------------------
[INFO] Building Flink Behavior Detection Job - ML-based Behavior Analysis 1.0.0-SNAPSHOT [8/11]
[INFO] --------------------------------[ jar ]---------------------------------
[INFO] 
[INFO] --- maven-resources-plugin:2.6:resources (default-resources) @ flink-behavior-job ---
[INFO] Using 'UTF-8' encoding to copy filtered resources.
[INFO] Copying 2 resources
[INFO] 
[INFO] --- maven-compiler-plugin:3.11.0:compile (default-compile) @ flink-behavior-job ---
[INFO] Changes detected - recompiling the module! :dependency
[INFO] Compiling 26 source files with javac [debug target 11] to target/classes
[WARNING] system modules path not set in conjunction with -source 11
[INFO] 
[INFO] --- maven-resources-plugin:2.6:testResources (default-testResources) @ flink-behavior-job ---
[INFO] Using 'UTF-8' encoding to copy filtered resources.
[INFO] skip non existing resourceDirectory /home/wangwt/phase_2/code/traffic-analysis-platform-remediation-integration/java/flink-jobs/flink-behavior-job/src/test/resources
[INFO] 
[INFO] --- maven-compiler-plugin:3.11.0:testCompile (default-testCompile) @ flink-behavior-job ---
[INFO] Changes detected - recompiling the module! :dependency
[INFO] Compiling 12 source files with javac [debug target 11] to target/test-classes
[WARNING] system modules path not set in conjunction with -source 11
[INFO] 
[INFO] --- maven-surefire-plugin:3.2.2:test (default-test) @ flink-behavior-job ---
[INFO] Using auto detected provider org.apache.maven.surefire.junitplatform.JUnitPlatformProvider
[INFO] 
[INFO] -------------------------------------------------------
[INFO]  T E S T S
[INFO] -------------------------------------------------------
[INFO] Running com.traffic.flink.behavior.config.BehaviorJobConfigTest
[INFO] Tests run: 9, Failures: 0, Errors: 0, Skipped: 0, Time elapsed: 0.315 s -- in com.traffic.flink.behavior.config.BehaviorJobConfigTest
[INFO] Running com.traffic.flink.behavior.detector.ModelRegistryTest
[INFO] Running com.traffic.flink.behavior.detector.ModelRegistryTest$ShutdownTests
[INFO] Tests run: 2, Failures: 0, Errors: 0, Skipped: 0, Time elapsed: 0.009 s -- in com.traffic.flink.behavior.detector.ModelRegistryTest$ShutdownTests
[INFO] Running com.traffic.flink.behavior.detector.ModelRegistryTest$UnregistrationTests
[INFO] Tests run: 2, Failures: 0, Errors: 0, Skipped: 0, Time elapsed: 0.003 s -- in com.traffic.flink.behavior.detector.ModelRegistryTest$UnregistrationTests
[INFO] Running com.traffic.flink.behavior.detector.ModelRegistryTest$HealthCheckTests
[INFO] Tests run: 4, Failures: 0, Errors: 0, Skipped: 0, Time elapsed: 0.015 s -- in com.traffic.flink.behavior.detector.ModelRegistryTest$HealthCheckTests
[INFO] Running com.traffic.flink.behavior.detector.ModelRegistryTest$StatisticsTests
[INFO] Tests run: 4, Failures: 0, Errors: 0, Skipped: 0, Time elapsed: 0.007 s -- in com.traffic.flink.behavior.detector.ModelRegistryTest$StatisticsTests
[INFO] Running com.traffic.flink.behavior.detector.ModelRegistryTest$ExecutionTests
[INFO] Tests run: 2, Failures: 0, Errors: 0, Skipped: 0, Time elapsed: 0.014 s -- in com.traffic.flink.behavior.detector.ModelRegistryTest$ExecutionTests
[INFO] Running com.traffic.flink.behavior.detector.ModelRegistryTest$RegistrationTests
[INFO] Tests run: 5, Failures: 0, Errors: 0, Skipped: 0, Time elapsed: 0.007 s -- in com.traffic.flink.behavior.detector.ModelRegistryTest$RegistrationTests
[INFO] Tests run: 0, Failures: 0, Errors: 0, Skipped: 0, Time elapsed: 0.064 s -- in com.traffic.flink.behavior.detector.ModelRegistryTest
[INFO] Running com.traffic.flink.behavior.detector.ModelArtifactHotSwapTest
[00:05:58] [0]	train-logloss:0.69314718246459961

[00:05:58] [1]	train-logloss:0.69314718246459961

[00:05:58] [2]	train-logloss:0.69314718246459961

[00:05:58] [3]	train-logloss:0.69314718246459961

[INFO] Tests run: 2, Failures: 0, Errors: 0, Skipped: 0, Time elapsed: 0.802 s -- in com.traffic.flink.behavior.detector.ModelArtifactHotSwapTest
[INFO] Running com.traffic.flink.behavior.detector.ModelUpdateBroadcastHandlerTest
[INFO] Tests run: 5, Failures: 0, Errors: 0, Skipped: 0, Time elapsed: 0.196 s -- in com.traffic.flink.behavior.detector.ModelUpdateBroadcastHandlerTest
[INFO] Running com.traffic.flink.behavior.model.AnomalyDetectionModelTest
[INFO] Tests run: 2, Failures: 0, Errors: 0, Skipped: 0, Time elapsed: 0.002 s -- in com.traffic.flink.behavior.model.AnomalyDetectionModelTest
[INFO] Running com.traffic.flink.behavior.model.ScanDetectionModelTest
[INFO] Running com.traffic.flink.behavior.model.ScanDetectionModelTest$ModelMetadataTests
OpenJDK 64-Bit Server VM warning: Sharing is only supported for boot loader classes because bootstrap classpath has been appended
[INFO] Tests run: 5, Failures: 0, Errors: 0, Skipped: 0, Time elapsed: 0.475 s -- in com.traffic.flink.behavior.model.ScanDetectionModelTest$ModelMetadataTests
[INFO] Running com.traffic.flink.behavior.model.ScanDetectionModelTest$FeatureImportanceTests
[INFO] Tests run: 1, Failures: 0, Errors: 0, Skipped: 0, Time elapsed: 0.001 s -- in com.traffic.flink.behavior.model.ScanDetectionModelTest$FeatureImportanceTests
[INFO] Running com.traffic.flink.behavior.model.ScanDetectionModelTest$BoundaryTests
[INFO] Tests run: 2, Failures: 0, Errors: 0, Skipped: 0, Time elapsed: 0.002 s -- in com.traffic.flink.behavior.model.ScanDetectionModelTest$BoundaryTests
[INFO] Running com.traffic.flink.behavior.model.ScanDetectionModelTest$NormalTrafficTests
[INFO] Tests run: 3, Failures: 0, Errors: 0, Skipped: 0, Time elapsed: 0.005 s -- in com.traffic.flink.behavior.model.ScanDetectionModelTest$NormalTrafficTests
[INFO] Running com.traffic.flink.behavior.model.ScanDetectionModelTest$VerticalScanTests
[INFO] Tests run: 1, Failures: 0, Errors: 0, Skipped: 0, Time elapsed: 0.002 s -- in com.traffic.flink.behavior.model.ScanDetectionModelTest$VerticalScanTests
[INFO] Running com.traffic.flink.behavior.model.ScanDetectionModelTest$PortScanTests
[INFO] Tests run: 3, Failures: 0, Errors: 0, Skipped: 0, Time elapsed: 0.004 s -- in com.traffic.flink.behavior.model.ScanDetectionModelTest$PortScanTests
[INFO] Tests run: 0, Failures: 0, Errors: 0, Skipped: 0, Time elapsed: 0.498 s -- in com.traffic.flink.behavior.model.ScanDetectionModelTest
[INFO] Running com.traffic.flink.behavior.model.BotnetDetectionModelTest
[INFO] Running com.traffic.flink.behavior.model.BotnetDetectionModelTest$NormalTrafficTests
[INFO] Tests run: 2, Failures: 0, Errors: 0, Skipped: 0, Time elapsed: 0.002 s -- in com.traffic.flink.behavior.model.BotnetDetectionModelTest$NormalTrafficTests
[INFO] Running com.traffic.flink.behavior.model.BotnetDetectionModelTest$CryptoMiningTests
[INFO] Tests run: 1, Failures: 0, Errors: 0, Skipped: 0, Time elapsed: 0.001 s -- in com.traffic.flink.behavior.model.BotnetDetectionModelTest$CryptoMiningTests
[INFO] Running com.traffic.flink.behavior.model.BotnetDetectionModelTest$DdosParticipantTests
[INFO] Tests run: 2, Failures: 0, Errors: 0, Skipped: 0, Time elapsed: 0.002 s -- in com.traffic.flink.behavior.model.BotnetDetectionModelTest$DdosParticipantTests
[INFO] Running com.traffic.flink.behavior.model.BotnetDetectionModelTest$C2BeaconTests
[INFO] Tests run: 3, Failures: 0, Errors: 0, Skipped: 0, Time elapsed: 0.002 s -- in com.traffic.flink.behavior.model.BotnetDetectionModelTest$C2BeaconTests
[INFO] Tests run: 0, Failures: 0, Errors: 0, Skipped: 0, Time elapsed: 0.009 s -- in com.traffic.flink.behavior.model.BotnetDetectionModelTest
[INFO] Running com.traffic.flink.behavior.model.ModelInferenceResultTest
[INFO] Running com.traffic.flink.behavior.model.ModelInferenceResultTest$ToStringTests
[INFO] Tests run: 2, Failures: 0, Errors: 0, Skipped: 0, Time elapsed: 0.006 s -- in com.traffic.flink.behavior.model.ModelInferenceResultTest$ToStringTests
[INFO] Running com.traffic.flink.behavior.model.ModelInferenceResultTest$BoundaryTests
[INFO] Tests run: 4, Failures: 0, Errors: 0, Skipped: 0, Time elapsed: 0.003 s -- in com.traffic.flink.behavior.model.ModelInferenceResultTest$BoundaryTests
[INFO] Running com.traffic.flink.behavior.model.ModelInferenceResultTest$UtilityMethodTests
[INFO] Tests run: 3, Failures: 0, Errors: 0, Skipped: 0, Time elapsed: 0.001 s -- in com.traffic.flink.behavior.model.ModelInferenceResultTest$UtilityMethodTests
[INFO] Running com.traffic.flink.behavior.model.ModelInferenceResultTest$EmptyResultTests
[INFO] Tests run: 1, Failures: 0, Errors: 0, Skipped: 0, Time elapsed: 0 s -- in com.traffic.flink.behavior.model.ModelInferenceResultTest$EmptyResultTests
[INFO] Running com.traffic.flink.behavior.model.ModelInferenceResultTest$FailureTests
[INFO] Tests run: 2, Failures: 0, Errors: 0, Skipped: 0, Time elapsed: 0.001 s -- in com.traffic.flink.behavior.model.ModelInferenceResultTest$FailureTests
[INFO] Running com.traffic.flink.behavior.model.ModelInferenceResultTest$BuilderTests
[INFO] Tests run: 6, Failures: 0, Errors: 0, Skipped: 0, Time elapsed: 0.003 s -- in com.traffic.flink.behavior.model.ModelInferenceResultTest$BuilderTests
[INFO] Tests run: 0, Failures: 0, Errors: 0, Skipped: 0, Time elapsed: 0.019 s -- in com.traffic.flink.behavior.model.ModelInferenceResultTest
[INFO] Running com.traffic.flink.behavior.model.TunnelDetectionModelTest
[INFO] Running com.traffic.flink.behavior.model.TunnelDetectionModelTest$HttpTunnelTests
[INFO] Tests run: 3, Failures: 0, Errors: 0, Skipped: 0, Time elapsed: 0.001 s -- in com.traffic.flink.behavior.model.TunnelDetectionModelTest$HttpTunnelTests
[INFO] Running com.traffic.flink.behavior.model.TunnelDetectionModelTest$IcmpTunnelTests
[INFO] Tests run: 2, Failures: 0, Errors: 0, Skipped: 0, Time elapsed: 0.001 s -- in com.traffic.flink.behavior.model.TunnelDetectionModelTest$IcmpTunnelTests
[INFO] Running com.traffic.flink.behavior.model.TunnelDetectionModelTest$DnsTunnelTests
[INFO] Tests run: 2, Failures: 0, Errors: 0, Skipped: 0, Time elapsed: 0.001 s -- in com.traffic.flink.behavior.model.TunnelDetectionModelTest$DnsTunnelTests
[INFO] Tests run: 0, Failures: 0, Errors: 0, Skipped: 0, Time elapsed: 0.007 s -- in com.traffic.flink.behavior.model.TunnelDetectionModelTest
[INFO] Running com.traffic.flink.behavior.BehaviorJobIntegrationTest
[INFO] Running com.traffic.flink.behavior.BehaviorJobIntegrationTest$PerformanceTests
Processed 100 detections in 568ms
Throughput: 176.05633802816902 detections/sec
[INFO] Tests run: 1, Failures: 0, Errors: 0, Skipped: 0, Time elapsed: 0.582 s -- in com.traffic.flink.behavior.BehaviorJobIntegrationTest$PerformanceTests
[INFO] Running com.traffic.flink.behavior.BehaviorJobIntegrationTest$ErrorHandlingTests
[INFO] Tests run: 2, Failures: 0, Errors: 0, Skipped: 0, Time elapsed: 0.225 s -- in com.traffic.flink.behavior.BehaviorJobIntegrationTest$ErrorHandlingTests
[INFO] Running com.traffic.flink.behavior.BehaviorJobIntegrationTest$MultiModelTests
[INFO] Tests run: 2, Failures: 0, Errors: 0, Skipped: 0, Time elapsed: 0.224 s -- in com.traffic.flink.behavior.BehaviorJobIntegrationTest$MultiModelTests
[INFO] Running com.traffic.flink.behavior.BehaviorJobIntegrationTest$EndToEndTests
[INFO] Tests run: 2, Failures: 0, Errors: 0, Skipped: 0, Time elapsed: 0.222 s -- in com.traffic.flink.behavior.BehaviorJobIntegrationTest$EndToEndTests
[INFO] Tests run: 0, Failures: 0, Errors: 0, Skipped: 0, Time elapsed: 2.368 s -- in com.traffic.flink.behavior.BehaviorJobIntegrationTest
[INFO] 
[INFO] Results:
[INFO] 
[INFO] Tests run: 92, Failures: 0, Errors: 0, Skipped: 0
[INFO] 
[INFO] 
[INFO] ---------------< com.traffic:flink-alert-generator-job >----------------
[INFO] Building Flink Alert Generator Job 1.0.0-SNAPSHOT                 [9/11]
[INFO] --------------------------------[ jar ]---------------------------------
[INFO] 
[INFO] --- maven-resources-plugin:2.6:resources (default-resources) @ flink-alert-generator-job ---
[INFO] Using 'UTF-8' encoding to copy filtered resources.
[INFO] Copying 2 resources
[INFO] 
[INFO] --- maven-compiler-plugin:3.11.0:compile (default-compile) @ flink-alert-generator-job ---
[INFO] Changes detected - recompiling the module! :dependency
[INFO] Compiling 8 source files with javac [debug target 11] to target/classes
[WARNING] system modules path not set in conjunction with -source 11
[INFO] /home/wangwt/phase_2/code/traffic-analysis-platform-remediation-integration/java/flink-jobs/flink-alert-generator-job/src/main/java/com/traffic/flink/alert/sink/OpenSearchAlertSinkFactory.java: /home/wangwt/phase_2/code/traffic-analysis-platform-remediation-integration/java/flink-jobs/flink-alert-generator-job/src/main/java/com/traffic/flink/alert/sink/OpenSearchAlertSinkFactory.java uses or overrides a deprecated API.
[INFO] /home/wangwt/phase_2/code/traffic-analysis-platform-remediation-integration/java/flink-jobs/flink-alert-generator-job/src/main/java/com/traffic/flink/alert/sink/OpenSearchAlertSinkFactory.java: Recompile with -Xlint:deprecation for details.
[INFO] 
[INFO] --- maven-resources-plugin:2.6:testResources (default-testResources) @ flink-alert-generator-job ---
[INFO] Using 'UTF-8' encoding to copy filtered resources.
[INFO] skip non existing resourceDirectory /home/wangwt/phase_2/code/traffic-analysis-platform-remediation-integration/java/flink-jobs/flink-alert-generator-job/src/test/resources
[INFO] 
[INFO] --- maven-compiler-plugin:3.11.0:testCompile (default-testCompile) @ flink-alert-generator-job ---
[INFO] Changes detected - recompiling the module! :dependency
[INFO] Compiling 6 source files with javac [debug target 11] to target/test-classes
[WARNING] system modules path not set in conjunction with -source 11
[INFO] 
[INFO] --- maven-surefire-plugin:3.2.2:test (default-test) @ flink-alert-generator-job ---
[INFO] Using auto detected provider org.apache.maven.surefire.junitplatform.JUnitPlatformProvider
[INFO] 
[INFO] -------------------------------------------------------
[INFO]  T E S T S
[INFO] -------------------------------------------------------
[INFO] Running com.traffic.flink.alert.sink.OpenSearchAlertSinkFactoryTest
SLF4J: No SLF4J providers were found.
SLF4J: Defaulting to no-operation (NOP) logger implementation
SLF4J: See https://www.slf4j.org/codes.html#noProviders for further details.
SLF4J: Class path contains SLF4J bindings targeting slf4j-api versions 1.7.x or earlier.
SLF4J: Ignoring binding found at [jar:file:/home/wangwt/task/my_maven_local_repository/org/apache/logging/log4j/log4j-slf4j-impl/2.21.1/log4j-slf4j-impl-2.21.1.jar!/org/slf4j/impl/StaticLoggerBinder.class]
SLF4J: See https://www.slf4j.org/codes.html#ignoredBindings for an explanation.
[INFO] Tests run: 2, Failures: 0, Errors: 0, Skipped: 0, Time elapsed: 0.181 s -- in com.traffic.flink.alert.sink.OpenSearchAlertSinkFactoryTest
[INFO] Running com.traffic.flink.alert.sink.ClickHouseAlertSinkTest
[WARNING] Tests run: 5, Failures: 0, Errors: 0, Skipped: 1, Time elapsed: 0.014 s -- in com.traffic.flink.alert.sink.ClickHouseAlertSinkTest
[INFO] Running com.traffic.flink.alert.dedup.DedupStateTest
[INFO] Tests run: 5, Failures: 0, Errors: 0, Skipped: 0, Time elapsed: 0.018 s -- in com.traffic.flink.alert.dedup.DedupStateTest
[INFO] Running com.traffic.flink.alert.AlertGeneratorJobTest
[INFO] Tests run: 2, Failures: 0, Errors: 0, Skipped: 0, Time elapsed: 0.004 s -- in com.traffic.flink.alert.AlertGeneratorJobTest
[INFO] Running com.traffic.flink.alert.generator.AlertGeneratorTest
[INFO] Tests run: 8, Failures: 0, Errors: 0, Skipped: 0, Time elapsed: 0.267 s -- in com.traffic.flink.alert.generator.AlertGeneratorTest
[INFO] Running com.traffic.flink.alert.evidence.EvidenceBuilderTest
[INFO] Tests run: 8, Failures: 0, Errors: 0, Skipped: 0, Time elapsed: 0.006 s -- in com.traffic.flink.alert.evidence.EvidenceBuilderTest
[INFO] 
[INFO] Results:
[INFO] 
[WARNING] Tests run: 30, Failures: 0, Errors: 0, Skipped: 1
[INFO] 
[INFO] 
[INFO] ---------------------< com.traffic:flink-log-job >----------------------
[INFO] Building Flink Log Job - Syslog Parser & Enricher 1.0.0-SNAPSHOT [10/11]
[INFO] --------------------------------[ jar ]---------------------------------
[INFO] 
[INFO] --- maven-resources-plugin:2.6:resources (default-resources) @ flink-log-job ---
[INFO] Using 'UTF-8' encoding to copy filtered resources.
[INFO] skip non existing resourceDirectory /home/wangwt/phase_2/code/traffic-analysis-platform-remediation-integration/java/flink-jobs/flink-log-job/src/main/resources
[INFO] 
[INFO] --- maven-compiler-plugin:3.11.0:compile (default-compile) @ flink-log-job ---
[INFO] Changes detected - recompiling the module! :dependency
[INFO] Compiling 5 source files with javac [debug target 11] to target/classes
[WARNING] system modules path not set in conjunction with -source 11
[INFO] /home/wangwt/phase_2/code/traffic-analysis-platform-remediation-integration/java/flink-jobs/flink-log-job/src/main/java/com/traffic/flink/log/sink/OpenSearchSinkFactory.java: /home/wangwt/phase_2/code/traffic-analysis-platform-remediation-integration/java/flink-jobs/flink-log-job/src/main/java/com/traffic/flink/log/sink/OpenSearchSinkFactory.java uses or overrides a deprecated API.
[INFO] /home/wangwt/phase_2/code/traffic-analysis-platform-remediation-integration/java/flink-jobs/flink-log-job/src/main/java/com/traffic/flink/log/sink/OpenSearchSinkFactory.java: Recompile with -Xlint:deprecation for details.
[INFO] 
[INFO] --- maven-resources-plugin:2.6:testResources (default-testResources) @ flink-log-job ---
[INFO] Using 'UTF-8' encoding to copy filtered resources.
[INFO] skip non existing resourceDirectory /home/wangwt/phase_2/code/traffic-analysis-platform-remediation-integration/java/flink-jobs/flink-log-job/src/test/resources
[INFO] 
[INFO] --- maven-compiler-plugin:3.11.0:testCompile (default-testCompile) @ flink-log-job ---
[INFO] Changes detected - recompiling the module! :dependency
[INFO] Compiling 3 source files with javac [debug target 11] to target/test-classes
[WARNING] system modules path not set in conjunction with -source 11
[INFO] /home/wangwt/phase_2/code/traffic-analysis-platform-remediation-integration/java/flink-jobs/flink-log-job/src/test/java/com/traffic/flink/log/sink/OpenSearchSinkFactoryTest.java: /home/wangwt/phase_2/code/traffic-analysis-platform-remediation-integration/java/flink-jobs/flink-log-job/src/test/java/com/traffic/flink/log/sink/OpenSearchSinkFactoryTest.java uses or overrides a deprecated API.
[INFO] /home/wangwt/phase_2/code/traffic-analysis-platform-remediation-integration/java/flink-jobs/flink-log-job/src/test/java/com/traffic/flink/log/sink/OpenSearchSinkFactoryTest.java: Recompile with -Xlint:deprecation for details.
[INFO] 
[INFO] --- maven-surefire-plugin:3.2.2:test (default-test) @ flink-log-job ---
[INFO] Using auto detected provider org.apache.maven.surefire.junitplatform.JUnitPlatformProvider
[INFO] 
[INFO] -------------------------------------------------------
[INFO]  T E S T S
[INFO] -------------------------------------------------------
[INFO] Running com.traffic.flink.log.parser.SyslogParserTest
[INFO] Tests run: 14, Failures: 0, Errors: 0, Skipped: 0, Time elapsed: 0.306 s -- in com.traffic.flink.log.parser.SyslogParserTest
[INFO] Running com.traffic.flink.log.sink.OpenSearchSinkFactoryTest
[INFO] Tests run: 2, Failures: 0, Errors: 0, Skipped: 0, Time elapsed: 0.056 s -- in com.traffic.flink.log.sink.OpenSearchSinkFactoryTest
[INFO] Running com.traffic.flink.log.sink.LokiSinkFactoryTest
[INFO] Tests run: 4, Failures: 0, Errors: 0, Skipped: 0, Time elapsed: 0.022 s -- in com.traffic.flink.log.sink.LokiSinkFactoryTest
[INFO] 
[INFO] Results:
[INFO] 
[INFO] Tests run: 20, Failures: 0, Errors: 0, Skipped: 0
[INFO] 
[INFO] 
[INFO] ----------------< com.traffic:flink-user-behavior-job >-----------------
[INFO] Building Flink User Behavior Job 1.0.0-SNAPSHOT                  [11/11]
[INFO] --------------------------------[ jar ]---------------------------------
[INFO] 
[INFO] --- maven-resources-plugin:2.6:resources (default-resources) @ flink-user-behavior-job ---
[INFO] Using 'UTF-8' encoding to copy filtered resources.
[INFO] skip non existing resourceDirectory /home/wangwt/phase_2/code/traffic-analysis-platform-remediation-integration/java/flink-jobs/flink-user-behavior-job/src/main/resources
[INFO] 
[INFO] --- maven-compiler-plugin:3.11.0:compile (default-compile) @ flink-user-behavior-job ---
[INFO] Changes detected - recompiling the module! :dependency
[INFO] Compiling 7 source files with javac [debug target 11] to target/classes
[WARNING] system modules path not set in conjunction with -source 11
[INFO] 
[INFO] --- maven-resources-plugin:2.6:testResources (default-testResources) @ flink-user-behavior-job ---
[INFO] Using 'UTF-8' encoding to copy filtered resources.
[INFO] skip non existing resourceDirectory /home/wangwt/phase_2/code/traffic-analysis-platform-remediation-integration/java/flink-jobs/flink-user-behavior-job/src/test/resources
[INFO] 
[INFO] --- maven-compiler-plugin:3.11.0:testCompile (default-testCompile) @ flink-user-behavior-job ---
[INFO] Changes detected - recompiling the module! :dependency
[INFO] Compiling 3 source files with javac [debug target 11] to target/test-classes
[WARNING] system modules path not set in conjunction with -source 11
[INFO] 
[INFO] --- maven-surefire-plugin:3.2.2:test (default-test) @ flink-user-behavior-job ---
[INFO] Using auto detected provider org.apache.maven.surefire.junitplatform.JUnitPlatformProvider
[INFO] 
[INFO] -------------------------------------------------------
[INFO]  T E S T S
[INFO] -------------------------------------------------------
[INFO] Running com.traffic.flink.behavior.user.sink.ClickHouseAnomalySinkTest
[INFO] Tests run: 4, Failures: 0, Errors: 0, Skipped: 0, Time elapsed: 0.294 s -- in com.traffic.flink.behavior.user.sink.ClickHouseAnomalySinkTest
[INFO] Running com.traffic.flink.behavior.user.LateUserEventRouterTest
[INFO] Tests run: 2, Failures: 0, Errors: 0, Skipped: 0, Time elapsed: 0.045 s -- in com.traffic.flink.behavior.user.LateUserEventRouterTest
[INFO] Running com.traffic.flink.behavior.user.AnomalyEventTest
[INFO] Tests run: 10, Failures: 0, Errors: 0, Skipped: 0, Time elapsed: 0.012 s -- in com.traffic.flink.behavior.user.AnomalyEventTest
[INFO] 
[INFO] Results:
[INFO] 
[INFO] Tests run: 16, Failures: 0, Errors: 0, Skipped: 0
[INFO] 
[INFO] ------------------------------------------------------------------------
[INFO] Reactor Summary for Traffic Analysis Platform - Flink Jobs 1.0.0-SNAPSHOT:
[INFO] 
[INFO] Traffic Analysis Platform - Flink Jobs ............. SUCCESS [  0.001 s]
[INFO] Flink Common - Protobuf and Utilities .............. SUCCESS [  5.205 s]
[INFO] Flink Session Job - Flow to Session Aggregation .... SUCCESS [ 11.952 s]
[INFO] Flink Feature Job - L1/L2/L3 Feature Extraction .... SUCCESS [  1.157 s]
[INFO] Flink Rule Job ..................................... SUCCESS [  1.249 s]
[INFO] Flink PCAP Index Job - PCAP Metadata Indexing ...... SUCCESS [  1.965 s]
[INFO] Flink CEP Correlation Job .......................... SUCCESS [ 14.265 s]
[INFO] Flink Behavior Detection Job - ML-based Behavior Analysis SUCCESS [  5.321 s]
[INFO] Flink Alert Generator Job .......................... SUCCESS [  1.334 s]
[INFO] Flink Log Job - Syslog Parser & Enricher ........... SUCCESS [  1.019 s]
[INFO] Flink User Behavior Job ............................ SUCCESS [  0.999 s]
[INFO] ------------------------------------------------------------------------
[INFO] BUILD SUCCESS
[INFO] ------------------------------------------------------------------------
[INFO] Total time:  44.548 s
[INFO] Finished at: 2026-08-08T00:06:05+08:00
[INFO] ------------------------------------------------------------------------
   Compiling proto-gen v0.1.0 (/home/wangwt/phase_2/code/traffic-analysis-platform-remediation-integration/rust/probe-agent/proto-gen)
   Compiling probe-agent v0.1.0 (/home/wangwt/phase_2/code/traffic-analysis-platform-remediation-integration/rust/probe-agent/probe-agent)
warning: unnecessary `unsafe` block
   --> probe-agent/src/capture/promisc.rs:168:5
    |
168 |     unsafe {
    |     ^^^^^^ unnecessary `unsafe` block
    |
    = note: `#[warn(unused_unsafe)]` (part of `#[warn(unused)]`) on by default

warning: value assigned to `offset` is never read
   --> probe-agent/src/parser/dns.rs:420:17
    |
420 |                 offset += 1;
    |                 ^^^^^^^^^^^
    |
    = help: maybe it is overwritten before being read?
    = note: `#[warn(unused_assignments)]` (part of `#[warn(unused)]`) on by default

warning: value assigned to `shutdown_triggered` is never read
   --> probe-agent/src/sender/batch.rs:140:38
    |
140 |         let mut shutdown_triggered = false;
    |                                      ^^^^^
    |
    = help: maybe it is overwritten before being read?

warning: method `update_flow_value` is never used
   --> probe-agent/src/aggregator/flow_table.rs:576:8
    |
523 | impl FlowTable {
    | -------------- method in this implementation
...
576 |     fn update_flow_value(&self, value: &FlowValue, packet: &PacketInfo) {
    |        ^^^^^^^^^^^^^^^^^
    |
    = note: `#[warn(dead_code)]` (part of `#[warn(unused)]`) on by default

warning: method `is_empty` is never used
  --> probe-agent/src/aggregator/hierarchical_timewheel.rs:38:8
   |
22 | impl TimeWheelSlot {
   | ------------------ method in this implementation
...
38 |     fn is_empty(&self) -> bool {
   |        ^^^^^^^^

warning: field `start_time_ms` is never read
   --> probe-agent/src/aggregator/hierarchical_timewheel.rs:157:5
    |
155 | pub struct HierarchicalTimeWheel {
    |            --------------------- field in this struct
156 |     levels: [TimeWheelLevel; 3],
157 |     start_time_ms: u64,
    |     ^^^^^^^^^^^^^

warning: trait `AtomicMinMax` is never used
   --> probe-agent/src/archiver/buffer.rs:490:7
    |
490 | trait AtomicMinMax {
    |       ^^^^^^^^^^^^

warning: field `magic` is never read
  --> probe-agent/src/capture/pcap_offline.rs:22:5
   |
21 | struct PcapGlobalHeader {
   |        ---------------- field in this struct
22 |     magic: u32,
   |     ^^^^^
   |
   = note: `PcapGlobalHeader` has derived impls for the traits `Clone` and `Debug`, but these are intentionally ignored during dead code analysis

warning: struct `PcapPacketHeader` is never constructed
  --> probe-agent/src/capture/pcap_offline.rs:33:8
   |
33 | struct PcapPacketHeader {
   |        ^^^^^^^^^^^^^^^^

warning: field `flags` is never read
  --> probe-agent/src/capture/ring.rs:18:5
   |
15 | struct RingInner {
   |        --------- field in this struct
...
18 |     flags: *mut u32,
   |     ^^^^^

warning: field `max_history` is never read
  --> probe-agent/src/parser/arp.rs:91:5
   |
71 | pub struct ArpParser {
   |            --------- field in this struct
...
91 |     max_history: usize,
   |     ^^^^^^^^^^^

warning: function `mac_to_string` is never used
  --> probe-agent/src/parser/dhcp.rs:22:4
   |
22 | fn mac_to_string(mac: &MacAddr) -> String {
   |    ^^^^^^^^^^^^^

warning: field `pool` is never read
   --> probe-agent/src/sender/pool.rs:193:5
    |
191 | pub struct PooledEventBatch {
    |            ---------------- field in this struct
192 |     events: Vec<FlowEvent>,
193 |     pool: Arc<FlowEventPool>,
    |     ^^^^

warning: field `registered_at` is never read
  --> probe-agent/src/shutdown.rs:32:5
   |
28 | struct ComponentInfo {
   |        ------------- field in this struct
...
32 |     registered_at: Instant,
   |     ^^^^^^^^^^^^^
   |
   = note: `ComponentInfo` has derived impls for the traits `Clone` and `Debug`, but these are intentionally ignored during dead code analysis

warning: `probe-agent` (lib) generated 14 warnings
warning: unused import: `std::path::PathBuf`
 --> probe-agent/tests/pcap_offline_test.rs:2:5
  |
2 | use std::path::PathBuf;
  |     ^^^^^^^^^^^^^^^^^^
  |
  = note: `#[warn(unused_imports)]` (part of `#[warn(unused)]`) on by default

warning: unused import: `XdpCapture`
 --> probe-agent/tests/online_capture_test.rs:5:55
  |
5 | use probe_agent::capture::{AfPacketCapture, Capturer, XdpCapture};
  |                                                       ^^^^^^^^^^
  |
  = note: `#[warn(unused_imports)]` (part of `#[warn(unused)]`) on by default

warning: unused import: `PacketProcessor as Processor`
 --> probe-agent/tests/integration_test.rs:5:48
  |
5 |     Eviction, EvictionConfig, PacketProcessor, PacketProcessor as Processor, PartitionedFlowTable,
  |                                                ^^^^^^^^^^^^^^^^^^^^^^^^^^^^
  |
  = note: `#[warn(unused_imports)]` (part of `#[warn(unused)]`) on by default

warning: variable does not need to be mutable
   --> probe-agent/tests/online_capture_test.rs:186:9
    |
186 |     let mut capturer = match capturer_result {
    |         ----^^^^^^^^
    |         |
    |         help: remove this `mut`
    |
    = note: `#[warn(unused_mut)]` (part of `#[warn(unused)]`) on by default

warning: `probe-agent` (lib test) generated 14 warnings (14 duplicates)
warning: `probe-agent` (test "pcap_offline_test") generated 1 warning (run `cargo fix --test "pcap_offline_test" -p probe-agent` to apply 1 suggestion)
warning: `probe-agent` (test "online_capture_test") generated 2 warnings (run `cargo fix --test "online_capture_test" -p probe-agent` to apply 2 suggestions)
warning: `probe-agent` (test "integration_test") generated 1 warning (run `cargo fix --test "integration_test" -p probe-agent` to apply 1 suggestion)
    Finished `test` profile [unoptimized + debuginfo] target(s) in 2.87s
     Running unittests src/lib.rs (target/debug/deps/probe_agent-5aa9044d158978bd)

running 44 tests
test aggregator::community_id::tests::test_community_id_swapped ... ok
test aggregator::community_id::tests::test_community_id_same_ip ... ok
test aggregator::community_id::tests::test_community_id_ipv6 ... ok
test aggregator::community_id::tests::test_community_id_deterministic ... ok
test aggregator::community_id::tests::test_community_id_tcp ... ok
test aggregator::community_id::tests::test_community_id_udp ... ok
test aggregator::eviction::deterministic_id_tests::replay_identity_is_stable_and_kind_scoped ... ok
test archiver::uploader::tests::complete_part_preserves_s3_etag_quotes_without_xml_wrapping ... ok
test archiver::uploader::tests::https_s3_requires_private_ca ... ok
test archiver::uploader::tests::plaintext_s3_rejects_ca_configuration ... ok
test capture::umem::tests::absolute_umem_addresses_map_to_their_actual_frames ... ok
test capture::xdp_sys::tests::test_ring_mmap_size ... ok
test capture::xdp_sys::tests::test_struct_sizes ... ok
test capture::umem::tests::xdp_ring_offsets_map_to_their_actual_frames ... ok
test config::transport_tests::partial_mtls_identity_is_rejected ... ok
test config::transport_tests::loopback_plaintext_is_allowed_only_without_tls_files ... ok
test config::transport_tests::remote_https_requires_complete_mtls_identity ... ok
test config::transport_tests::remote_https_with_complete_identity_is_allowed ... ok
test config::transport_tests::remote_plaintext_transport_is_rejected ... ok
test control::tests::canonical_hash_is_object_order_independent ... ok
test control::tests::builtin_connectivity_executor_rejects_unapproved_destination ... ok
test parser::arp::tests::test_oui_lookup ... ok
test parser::arp::tests::test_gratuitous_arp ... ok
test parser::arp::tests::test_arp_spoof_detection ... ok
test parser::arp::tests::test_parse_arp_request ... ok
test parser::dhcp::tests::test_os_identification ... ok
test interface_monitor::tests::test_read_interface_status ... ok
test parser::dhcp::tests::test_new_device_detection ... ok
test parser::dns::tests::test_is_internal_domain ... ok
test parser::dhcp::tests::test_parse_discover ... ok
test control::tests::builtin_connectivity_executor_checks_only_allowlisted_target ... ok
test parser::dns::tests::test_parse_dns_name_compressed ... ok
test parser::dns::tests::test_parse_dns_name_simple ... ok
test parser::dns::tests::test_shannon_entropy ... ok
test sender::batch::tests::collector_flushes_at_configured_batch_size ... ok
test sender::batch::tests::sender_respects_output_backpressure_and_drains_on_close ... ok
test control::tests::hash_mismatch_is_a_persisted_terminal_failure ... ok
test control::tests::expired_command_never_reaches_executor ... ok
test control::tests::rejects_cross_identity_without_persisting_ack ... ok
test sender::retry::tests::local_cache_round_trips_pending_batches_and_enforces_capacity ... ok
test archiver::upload_journal::tests::durable_metadata_ack_retains_local_evidence_and_complete_manifest ... ok
test control::tests::persists_success_before_return_and_deduplicates_redelivery ... ok
test interface_monitor::tests::test_status_delta ... ok
test interface_monitor::tests::test_interface_monitor ... ok

test result: ok. 44 passed; 0 failed; 0 ignored; 0 measured; 0 filtered out; finished in 3.00s

     Running unittests src/main.rs (target/debug/deps/probe_agent-4eede50da44d7620)

running 0 tests

test result: ok. 0 passed; 0 failed; 0 ignored; 0 measured; 0 filtered out; finished in 0.00s

     Running tests/dataset_pcap_replay_test.rs (target/debug/deps/dataset_pcap_replay_test-f3bfef54391b7595)

running 1 test
test replays_external_dataset_pcap ... ignored, requires TRAFFIC_TEST_PCAP pointing to a real dataset file

test result: ok. 0 passed; 0 failed; 1 ignored; 0 measured; 0 filtered out; finished in 0.00s

     Running tests/integration_test.rs (target/debug/deps/integration_test-9b455a234b7c46df)

running 11 tests
test test_parser_udp ... ok
test test_parser_short_packet_returns_none ... ok
test test_parser_tcp_syn ... ok
test test_empty_pcap_handled ... ok
test test_mixed_tcp_udp ... ok
test test_same_flow_aggregates ... ok
test test_multiple_flows ... ok
test bench_flow_aggregation ... ok
test bench_large_packets ... ok
test bench_small_packets ... ok
test test_eviction_produces_flow_events ... ok

test result: ok. 11 passed; 0 failed; 0 ignored; 0 measured; 0 filtered out; finished in 2.04s

     Running tests/online_capture_test.rs (target/debug/deps/online_capture_test-01816de1dd453971)

running 8 tests
test test_config_validation ... ok
test test_afpacket_create ... ok
test test_xdp_create_fallback ... ok
test test_create_all_modes ... ok
test test_afpacket_start_stop ... ok
test test_xdp_capture_packets ... ok
test test_afpacket_capture_packets ... ok
test test_afpacket_pipeline ... ok

test result: ok. 8 passed; 0 failed; 0 ignored; 0 measured; 0 filtered out; finished in 0.25s

     Running tests/pcap_offline_test.rs (target/debug/deps/pcap_offline_test-0000899eb1f11a44)

running 3 tests
test test_pcap_reader_basic ... ok
test test_pcap_replayer_creates ... ok
test test_pcap_replayer_poll ... ok

test result: ok. 3 passed; 0 failed; 0 ignored; 0 measured; 0 filtered out; finished in 0.01s

     Running tests/stress_test.rs (target/debug/deps/stress_test-cebc49ded3edde5f)

running 1 test
test stress_test_pcap_replay ... ok

test result: ok. 1 passed; 0 failed; 0 ignored; 0 measured; 0 filtered out; finished in 0.40s

     Running unittests src/lib.rs (target/debug/deps/proto_gen-54ab54bd989b5b12)

running 0 tests

test result: ok. 0 passed; 0 failed; 0 ignored; 0 measured; 0 filtered out; finished in 0.00s

     Running unittests src/main.rs (target/debug/deps/xtask-cd8fa4fbf0914f45)

running 0 tests

test result: ok. 0 passed; 0 failed; 0 ignored; 0 measured; 0 filtered out; finished in 0.00s

   Doc-tests probe_agent

running 0 tests

test result: ok. 0 passed; 0 failed; 0 ignored; 0 measured; 0 filtered out; finished in 0.00s

   Doc-tests proto_gen

running 0 tests

test result: ok. 0 passed; 0 failed; 0 ignored; 0 measured; 0 filtered out; finished in 0.00s

