{
  "schema_version": 1,
  "result": "pass",
  "blockers": 0,
  "counts": {
    "features": 54,
    "technologies": 48,
    "total": 102,
    "priorities": {
      "P0": 38,
      "P1": 61,
      "P2": 3
    },
    "work_packages": 29,
    "standard_24w_scope": 84,
    "backlog": 18,
    "feature_contracts": 38,
    "formal_nav_routes": 24
  },
  "standard_24w_scope": [
    "F-ADAPTER-001",
    "F-ADAPTER-002",
    "F-ALERT-001",
    "F-ALERT-002",
    "F-ALERT-003",
    "F-ALERT-004",
    "F-ALERT-005",
    "F-ALERT-006",
    "F-ASSET-001",
    "F-ASSET-002",
    "F-ASSET-003",
    "F-ASSET-004",
    "F-ASSET-005",
    "F-ASSET-006",
    "F-AUDIT-001",
    "F-AUTH-001",
    "F-CAMPAIGN-001",
    "F-COMMON-001",
    "F-COMMON-002",
    "F-COMMON-003",
    "F-COMMON-004",
    "F-DASHBOARD-001",
    "F-DASHBOARD-002",
    "F-DATAQUALITY-001",
    "F-EXPORT-001",
    "F-GRAPH-001",
    "F-GRAPH-002",
    "F-GRAPH-003",
    "F-GRAPH-004",
    "F-MODEL-001",
    "F-PLAYBOOK-001",
    "F-PROBE-001",
    "F-SEARCH-001",
    "F-TOPIC-001",
    "F-TOPIC-002",
    "F-TOPIC-003",
    "F-TOPIC-004",
    "F-WHITELIST-001",
    "T-CH-001",
    "T-CH-002",
    "T-CH-003",
    "T-CH-004",
    "T-CH-005",
    "T-CH-006",
    "T-CONFIG-001",
    "T-DQ-001",
    "T-DR-001",
    "T-FLINK-001",
    "T-FLINK-002",
    "T-FLINK-003",
    "T-FLINK-004",
    "T-FLINK-005",
    "T-GW-001",
    "T-KAFKA-001",
    "T-KAFKA-002",
    "T-KAFKA-003",
    "T-KAFKA-004",
    "T-KAFKA-005",
    "T-MINIO-001",
    "T-MINIO-002",
    "T-MINIO-003",
    "T-MINIO-004",
    "T-NEBULA-001",
    "T-NEBULA-002",
    "T-NEBULA-003",
    "T-NEBULA-004",
    "T-OBS-001",
    "T-OBS-002",
    "T-OS-001",
    "T-OS-002",
    "T-OS-003",
    "T-OS-004",
    "T-OS-005",
    "T-PG-001",
    "T-PG-002",
    "T-PG-003",
    "T-PG-004",
    "T-PG-005",
    "T-PG-006",
    "T-PKI-001",
    "T-REDIS-001",
    "T-REDIS-002",
    "T-SCHEMA-001",
    "T-SEC-001"
  ],
  "backlog": [
    "F-ATTACKCHAIN-001",
    "F-BASELINE-001",
    "F-COMPLIANCE-001",
    "F-DEPLOY-001",
    "F-ENCRYPTED-001",
    "F-ENCRYPTED-002",
    "F-FORENSICS-001",
    "F-FUSION-001",
    "F-MLOPS-001",
    "F-NOTIFICATION-001",
    "F-NOTIFY-001",
    "F-PREF-001",
    "F-PROBE-002",
    "F-RULE-001",
    "F-SCREEN-001",
    "F-SETTINGS-001",
    "T-MLOPS-001",
    "T-REDIS-003"
  ],
  "structural_failures": {
    "invalid_ids": [],
    "duplicate_ids": [],
    "orphan_ids": [],
    "duplicate_accountable_ids": [],
    "p0_p1_without_acceptance_case": [],
    "p0_p1_without_rollback": [],
    "contract_errors": {}
  },
  "count_failures": {
    "features": false,
    "technologies": false,
    "total": false,
    "P0": false,
    "P1": false,
    "P2": false,
    "formal_nav_routes": false
  },
  "w1_scope_gaps": {
    "unknown_required_ui_scopes": [],
    "unknown_accepted_ui_scopes": [],
    "missing_feature_contracts_for_p0": []
  }
}
