{
  "status": "PASS",
  "contract_id": "postgres.mutable-command-inventory.v1",
  "remediation_id": "T-PG-002",
  "coverage_status": "REPOSITORY_STATIC_INVENTORY",
  "summary": {
    "source_files": 104,
    "mutation_statements": 678,
    "backend_counts": {
      "clickhouse": 16,
      "postgresql": 662
    },
    "postgres_role_counts": {
      "audit": 84,
      "business": 310,
      "control_idempotency": 29,
      "history": 72,
      "inbox_projection": 45,
      "outbox": 122
    },
    "review_queue": 29,
    "review_priority_counts": {
      "P1_REVIEW": 19,
      "P2_REVIEW": 10
    },
    "unclassified": 0
  },
  "errors": []
}
