{
  "status": "PASS",
  "contract_id": "postgres.mutable-command-inventory.v1",
  "remediation_id": "T-PG-002",
  "coverage_status": "REPOSITORY_STATIC_INVENTORY",
  "summary": {
    "source_files": 102,
    "mutation_statements": 656,
    "backend_counts": {
      "clickhouse": 16,
      "postgresql": 640
    },
    "postgres_role_counts": {
      "audit": 79,
      "business": 295,
      "control_idempotency": 29,
      "history": 70,
      "inbox_projection": 45,
      "outbox": 122
    },
    "review_queue": 27,
    "review_priority_counts": {
      "P1_REVIEW": 19,
      "P2_REVIEW": 8
    },
    "unclassified": 0
  },
  "errors": []
}
