{
  "result": "pass",
  "run_id": "pg-transaction-outbox-whitelist-v1",
  "passes_per_entrypoint": 2,
  "migration_versions": [
    "202608021000",
    "202608021030",
    "202608031500",
    "202608031540",
    "202608031550",
    "202608031600",
    "202608031610",
    "202608031620",
    "202608041100",
    "202608041400",
    "202608041500",
    "202608041600",
    "202608041700",
    "202608041800",
    "202608041900",
    "202608041930"
  ],
  "snapshots": {
    "common": {
      "sha256": "3db3cf401258a4e682483777bc8b017c5f16565a0627c12c1841d96d3b6f4c07",
      "bytes": 146905,
      "columns": 872,
      "tables": [
        "alert_playbook_executions",
        "alert_playbook_execution_approvals",
        "alert_playbook_execution_controls",
        "alert_playbook_step_receipts",
        "alert_playbook_execution_outbox",
        "alert_playbook_execution_event_projection",
        "alert_playbook_execution_state_projection",
        "alert_saved_views",
        "alert_saved_view_requests",
        "alert_saved_view_history",
        "alert_saved_view_outbox",
        "notification_rules",
        "notification_governance_requests",
        "notification_governance_history",
        "notification_governance_outbox",
        "notification_escalation_policies",
        "notification_silence_rules",
        "alert_notification_settings",
        "user_settings",
        "user_settings_history",
        "user_settings_outbox",
        "user_settings_requests",
        "probes",
        "probe_registry_history",
        "probe_registry_outbox",
        "probe_registry_requests",
        "threat_intel",
        "threat_intel_feeds",
        "threat_intel_event_outbox",
        "threat_intel_command_history",
        "threat_intel_command_requests",
        "tasks",
        "forensics_task_history",
        "forensics_task_outbox",
        "forensics_task_requests",
        "whitelist_entry_versions",
        "whitelist_event_outbox",
        "whitelist_command_requests",
        "whitelist_rule_effects",
        "whitelist_rule_projection",
        "dashboard_tasks",
        "dashboard_task_history",
        "dashboard_task_outbox",
        "dashboard_task_requests",
        "dashboard_task_execution_attempts",
        "dashboard_task_execution_receipts",
        "dashboard_task_event_inbox",
        "data_quality_datasets",
        "data_quality_rules",
        "data_quality_baselines",
        "data_quality_watermarks",
        "data_quality_events",
        "data_quality_repairs",
        "data_quality_outbox",
        "data_quality_dataset_history",
        "data_quality_rule_history",
        "data_quality_command_requests",
        "data_quality_rule_evaluations",
        "data_quality_repair_history",
        "data_quality_repair_requests",
        "data_quality_flow_replay_projection",
        "data_quality_replay_projection_receipts"
      ]
    },
    "docker_merged": {
      "sha256": "3db3cf401258a4e682483777bc8b017c5f16565a0627c12c1841d96d3b6f4c07",
      "bytes": 146905,
      "columns": 872,
      "tables": [
        "alert_playbook_executions",
        "alert_playbook_execution_approvals",
        "alert_playbook_execution_controls",
        "alert_playbook_step_receipts",
        "alert_playbook_execution_outbox",
        "alert_playbook_execution_event_projection",
        "alert_playbook_execution_state_projection",
        "alert_saved_views",
        "alert_saved_view_requests",
        "alert_saved_view_history",
        "alert_saved_view_outbox",
        "notification_rules",
        "notification_governance_requests",
        "notification_governance_history",
        "notification_governance_outbox",
        "notification_escalation_policies",
        "notification_silence_rules",
        "alert_notification_settings",
        "user_settings",
        "user_settings_history",
        "user_settings_outbox",
        "user_settings_requests",
        "probes",
        "probe_registry_history",
        "probe_registry_outbox",
        "probe_registry_requests",
        "threat_intel",
        "threat_intel_feeds",
        "threat_intel_event_outbox",
        "threat_intel_command_history",
        "threat_intel_command_requests",
        "tasks",
        "forensics_task_history",
        "forensics_task_outbox",
        "forensics_task_requests",
        "whitelist_entry_versions",
        "whitelist_event_outbox",
        "whitelist_command_requests",
        "whitelist_rule_effects",
        "whitelist_rule_projection",
        "dashboard_tasks",
        "dashboard_task_history",
        "dashboard_task_outbox",
        "dashboard_task_requests",
        "dashboard_task_execution_attempts",
        "dashboard_task_execution_receipts",
        "dashboard_task_event_inbox",
        "data_quality_datasets",
        "data_quality_rules",
        "data_quality_baselines",
        "data_quality_watermarks",
        "data_quality_events",
        "data_quality_repairs",
        "data_quality_outbox",
        "data_quality_dataset_history",
        "data_quality_rule_history",
        "data_quality_command_requests",
        "data_quality_rule_evaluations",
        "data_quality_repair_history",
        "data_quality_repair_requests",
        "data_quality_flow_replay_projection",
        "data_quality_replay_projection_receipts"
      ]
    },
    "kubernetes_configmap": {
      "sha256": "3db3cf401258a4e682483777bc8b017c5f16565a0627c12c1841d96d3b6f4c07",
      "bytes": 146905,
      "columns": 872,
      "tables": [
        "alert_playbook_executions",
        "alert_playbook_execution_approvals",
        "alert_playbook_execution_controls",
        "alert_playbook_step_receipts",
        "alert_playbook_execution_outbox",
        "alert_playbook_execution_event_projection",
        "alert_playbook_execution_state_projection",
        "alert_saved_views",
        "alert_saved_view_requests",
        "alert_saved_view_history",
        "alert_saved_view_outbox",
        "notification_rules",
        "notification_governance_requests",
        "notification_governance_history",
        "notification_governance_outbox",
        "notification_escalation_policies",
        "notification_silence_rules",
        "alert_notification_settings",
        "user_settings",
        "user_settings_history",
        "user_settings_outbox",
        "user_settings_requests",
        "probes",
        "probe_registry_history",
        "probe_registry_outbox",
        "probe_registry_requests",
        "threat_intel",
        "threat_intel_feeds",
        "threat_intel_event_outbox",
        "threat_intel_command_history",
        "threat_intel_command_requests",
        "tasks",
        "forensics_task_history",
        "forensics_task_outbox",
        "forensics_task_requests",
        "whitelist_entry_versions",
        "whitelist_event_outbox",
        "whitelist_command_requests",
        "whitelist_rule_effects",
        "whitelist_rule_projection",
        "dashboard_tasks",
        "dashboard_task_history",
        "dashboard_task_outbox",
        "dashboard_task_requests",
        "dashboard_task_execution_attempts",
        "dashboard_task_execution_receipts",
        "dashboard_task_event_inbox",
        "data_quality_datasets",
        "data_quality_rules",
        "data_quality_baselines",
        "data_quality_watermarks",
        "data_quality_events",
        "data_quality_repairs",
        "data_quality_outbox",
        "data_quality_dataset_history",
        "data_quality_rule_history",
        "data_quality_command_requests",
        "data_quality_rule_evaluations",
        "data_quality_repair_history",
        "data_quality_repair_requests",
        "data_quality_flow_replay_projection",
        "data_quality_replay_projection_receipts"
      ]
    }
  },
  "temporary_databases_removed": [
    "pb_common_cab060504e",
    "pb_merged_cab060504e",
    "pb_k8s_cab060504e"
  ],
  "shared_environment_touched": false,
  "secrets_captured": false
}
