
> traffic-analysis-ui@2.0.0 build
> tsc && vite build

vite v5.4.21 building for production...
transforming...
✓ 3861 modules transformed.
rendering chunks...
computing gzip size...
dist/index.html                                             1.53 kB │ gzip:   0.56 kB
dist/assets/screen-topbar-shield-exact@3x-BMBlSnq_.png      4.74 kB
dist/.vite/manifest.json                                   37.20 kB │ gzip:   2.76 kB
dist/assets/login-shield-screenshot-cbDbmGTr.png           78.94 kB
dist/assets/login-hologram-shield-alpha-EYgwSM-D.png      289.12 kB
dist/assets/index-Cg4Bo8tI.css                          1,212.81 kB │ gzip: 170.32 kB
dist/assets/modelWorkbenchApi-DMODx7b4.js                   0.16 kB │ gzip:   0.15 kB
dist/assets/StatusTag-DX1xSoty.js                           0.31 kB │ gzip:   0.35 kB
dist/assets/WorkPanel-D5XyU7AQ.js                           0.38 kB │ gzip:   0.23 kB
dist/assets/MetricTile-D8Dd58xO.js                          0.55 kB │ gzip:   0.34 kB
dist/assets/pageRouteState-R9Hy5Slm.js                      0.82 kB │ gzip:   0.56 kB
dist/assets/DetailPage-CbLpkJF8.js                          1.53 kB │ gzip:   0.79 kB
dist/assets/OidcCallbackPage-CZaCgyhb.js                    2.06 kB │ gzip:   1.10 kB
dist/assets/OverlayContractHost-CjC1gvzf.js                 2.75 kB │ gzip:   1.42 kB
dist/assets/vendor-size-sensor-iY3GC-0X.js                  3.46 kB │ gzip:   1.23 kB
dist/assets/vendor-stylis-BmaM3nay.js                       3.82 kB │ gzip:   1.80 kB
dist/assets/vendor-echarts-react-DAAh5KIH.js                3.91 kB │ gzip:   1.48 kB
dist/assets/ProductPage-CEuqrn44.js                         4.46 kB │ gzip:   2.11 kB
dist/assets/vendor-ant-design-fast-color-a4DwzfPV.js        5.70 kB │ gzip:   2.21 kB
dist/assets/LoginPage-D-v2HquR.js                           8.21 kB │ gzip:   3.21 kB
dist/assets/NotFoundPage-BCJ0E86U.js                        9.16 kB │ gzip:   3.79 kB
dist/assets/vendor-remix-run-router-DTlRP5cs.js             9.22 kB │ gzip:   4.10 kB
dist/assets/campaignActionApi-DjID5eRA.js                  10.72 kB │ gzip:   4.44 kB
dist/assets/vendor-router-CQ_4Ibzk.js                      12.46 kB │ gzip:   4.59 kB
dist/assets/vendor-babel-runtime-DOsDFnm7.js               12.74 kB │ gzip:   4.46 kB
dist/assets/vendor-dayjs-Csm2ddBZ.js                       15.01 kB │ gzip:   5.86 kB
dist/assets/DashboardOperationsPage-DH6lg-pD.js            16.59 kB │ gzip:   7.26 kB
dist/assets/alertTriageApi-C7ipAHJU.js                     16.73 kB │ gzip:   6.28 kB
dist/assets/vendor-misc-Ic7fAJjT.js                        20.35 kB │ gzip:   7.80 kB
dist/assets/MlopsOrchestrationPage-DPEFrfU_.js             22.77 kB │ gzip:   8.74 kB
dist/assets/ForensicsWorkbenchPage-Dd928rhq.js             23.14 kB │ gzip:   7.56 kB
dist/assets/SituationalScreen-BjiSnam6.js                  23.38 kB │ gzip:   8.49 kB
dist/assets/SettingsGovernancePage-eGo7HXTA.js             23.95 kB │ gzip:   9.24 kB
dist/assets/AlertTriagePage-BC308b65.js                    25.78 kB │ gzip:  10.34 kB
dist/assets/PlaybookAutomationPage-DaAilX2a.js             27.27 kB │ gzip:  10.63 kB
dist/assets/ComplianceAuditPage-DZ3ygQ3h.js                27.98 kB │ gzip:   9.75 kB
dist/assets/ProbesManagementPage-DhObYMeO.js               28.53 kB │ gzip:  10.43 kB
dist/assets/GraphEntityPage-DEfgCJ-A.js                    29.03 kB │ gzip:   9.89 kB
dist/assets/NotificationConfigPage-dr69Fq1D.js             30.54 kB │ gzip:   9.57 kB
dist/assets/FusionWorkbenchPage-IZIqM-FA.js                30.67 kB │ gzip:  10.90 kB
dist/assets/AttackChainAnalysisPage-BLtedbzI.js            30.87 kB │ gzip:  10.78 kB
dist/assets/RuleManagementPage-C2nCGb_B.js                 32.71 kB │ gzip:  12.29 kB
dist/assets/CampaignWorkbenchPage-BHsAFfCb.js              35.45 kB │ gzip:  13.06 kB
dist/assets/WhitelistGovernancePage-BRBsLoRy.js            35.89 kB │ gzip:  12.47 kB
dist/assets/ModelManagementPage-A40MUC7v.js                36.80 kB │ gzip:  11.69 kB
dist/assets/AuditLogPage-DYspHCEk.js                       38.58 kB │ gzip:  13.41 kB
dist/assets/DeploymentManagementPage-BTmpVBpf.js           44.51 kB │ gzip:  14.85 kB
dist/assets/EncryptedTrafficPage-BhAQz4PQ.js               48.40 kB │ gzip:  13.97 kB
dist/assets/AlertDetailPage-CVlun-w5.js                    56.90 kB │ gzip:  17.10 kB
dist/assets/CampaignDetailPage-82exCT2x.js                 57.03 kB │ gzip:  18.19 kB
dist/assets/BaselineWorkbenchPage-BEGyf6tV.js              60.66 kB │ gzip:  19.18 kB
dist/assets/DataQualityPage-CNcS9GZ9.js                    69.90 kB │ gzip:  20.91 kB
dist/assets/AssetInventoryPage-BZ3fXDqf.js                 75.31 kB │ gzip:  25.35 kB
dist/assets/vendor-data-38j4_Kgc.js                        87.66 kB │ gzip:  29.79 kB
dist/assets/charts-CvgvqFZE.js                            102.51 kB │ gzip:  30.31 kB
dist/assets/TopicWorkbenchPage-DqCnh4I2.js                104.41 kB │ gzip:  31.22 kB
dist/assets/vendor-ant-design-iL5Z5GZv.js                 142.06 kB │ gzip:  42.65 kB
dist/assets/vendor-react-DcxXCZkJ.js                      142.43 kB │ gzip:  45.67 kB
dist/assets/vendor-zrender-B5rmKzn9.js                    222.71 kB │ gzip:  76.45 kB
dist/assets/index-CxTxAHFn.js                             261.42 kB │ gzip:  86.80 kB
dist/assets/vendor-rc-Bx0d6omx.js                         448.08 kB │ gzip: 151.04 kB
dist/assets/vendor-antd-Cl21FpTz.js                       590.61 kB │ gzip: 162.23 kB
dist/assets/vendor-echarts-uE562c_N.js                    913.79 kB │ gzip: 305.62 kB

(!) Some chunks are larger than 500 kB after minification. Consider:
- Using dynamic import() to code-split the application
- Use build.rollupOptions.output.manualChunks to improve chunking: https://rollupjs.org/configuration-options/#output-manualchunks
- Adjust chunk size limit for this warning via build.chunkSizeWarningLimit.
✓ built in 10.18s
